MPLINK 4.44, Linker
Linker Map File - Created Thu Mar 07 14:41:26 2013

                                 Section Info
                  Section       Type    Address   Location Size(Bytes)
                ---------  ---------  ---------  ---------  ---------
               _entry_scn       code   0x000000    program   0x000006
               highVector       code   0x000008    program   0x000006
                lowVector       code   0x000018    program   0x000006
                    mains       code   0x000040    program   0x000cda
                   .cinit    romdata   0x000d1a    program   0x00007a
              .code_TCP.o       code   0x000d94    program   0x0039a6
       .code_GetPutWork.o       code   0x00473a    program   0x00160c
        .code_Miner_WEB.o       code   0x005d46    program   0x001144
         .code_MySha256.o       code   0x006e8a    program   0x000ca0
         .code_ETH97J60.o       code   0x007b2a    program   0x000b2a
     .romdata_Miner_WEB.o    romdata   0x008654    program   0x000af6
              .code_UDP.o       code   0x00914a    program   0x000a12
          .code_Helpers.o       code   0x009b5c    program   0x000838
              .code_DNS.o       code   0x00a394    program   0x000774
       .code_Miner_Main.o       code   0x00ab08    program   0x000622
              .code_ARP.o       code   0x00b12a    program   0x0004cc
                     PROG       code   0x00b5f6    program   0x00045c
               .code_IP.o       code   0x00ba52    program   0x000310
                   STRING       code   0x00bd62    program   0x000300
                   STDLIB       code   0x00c062    program   0x0002a0
             .stringtable    romdata   0x00c302    program   0x000206
    .romdata_GetPutWork.o    romdata   0x00c508    program   0x0001d8
         .code_StackTsk.o       code   0x00c6e0    program   0x0001c2
             .code_ICMP.o       code   0x00c8a2    program   0x00012a
      .romdata_MySha256.o    romdata   0x00c9cc    program   0x000100
             .code_Tick.o       code   0x00cacc    program   0x0000e8
               _cinit_scn       code   0x00cbb4    program   0x00009e
             .code_UART.o       code   0x00cc52    program   0x000098
          .code_fxm3232.o       code   0x00ccea    program   0x000070
         .code_fxd3232u.o       code   0x00cd5a    program   0x000048
           .romdata_TCP.o    romdata   0x00cda2    program   0x000036
    .romdata_Miner_Main.o    romdata   0x00cdd8    program   0x000036
             D10KTCYXCODE       code   0x00ce0e    program   0x00002e
         .code_fxd1616u.o       code   0x00ce3c    program   0x00002c
                    .code       code   0x00ce68    program   0x00002c
             _startup_scn       code   0x00ce94    program   0x00001c
         .code_fxd0808u.o       code   0x00ceb0    program   0x00001c
           .code___init.o       code   0x00cecc    program   0x000002
              SEED_DATA_i    romdata   0x00cece    program   0x000002
      .idata_fxd0808u.o_i    romdata   0x00ced0    program   0x000000
      .romdata_fxd0808u.o    romdata   0x00ced0    program   0x000000
      .idata_fxd1616u.o_i    romdata   0x00ced0    program   0x000000
      .romdata_fxd1616u.o    romdata   0x00ced0    program   0x000000
      .idata_fxd3232u.o_i    romdata   0x00ced0    program   0x000000
      .romdata_fxd3232u.o    romdata   0x00ced0    program   0x000000
       .idata_fxm3232.o_i    romdata   0x00ced0    program   0x000000
       .romdata_fxm3232.o    romdata   0x00ced0    program   0x000000
        .idata___init.o_i    romdata   0x00ced0    program   0x000000
        .romdata___init.o    romdata   0x00ced0    program   0x000000
           .idata_UDP.o_i    romdata   0x00ced0    program   0x000002
           .romdata_UDP.o    romdata   0x00ced0    program   0x000000
          .romdata_Tick.o    romdata   0x00ced0    program   0x000000
      .romdata_StackTsk.o    romdata   0x00ced0    program   0x000000
            .romdata_IP.o    romdata   0x00ced0    program   0x000000
          .romdata_ICMP.o    romdata   0x00ced0    program   0x000000
      .romdata_ETH97J60.o    romdata   0x00ced0    program   0x000000
           .romdata_ARP.o    romdata   0x00ced0    program   0x000000
       .romdata_Helpers.o    romdata   0x00ced0    program   0x000000
          .romdata_UART.o    romdata   0x00ced0    program   0x000000
         .romdata_Delay.o    romdata   0x00ced0    program   0x000000
           .romdata_DNS.o    romdata   0x00ced0    program   0x000000
         .romdata_c018i.o    romdata   0x00ced0    program   0x000000
         .idata_c018i.o_i    romdata   0x00ced0    program   0x000000
          .idata_UART.o_i    romdata   0x00ced2    program   0x000000
          .idata_Tick.o_i    romdata   0x00ced2    program   0x000008
           .idata_TCP.o_i    romdata   0x00ceda    program   0x000002
      .idata_MySha256.o_i    romdata   0x00cedc    program   0x000000
     .idata_Miner_WEB.o_i    romdata   0x00cedc    program   0x000002
      .idata_StackTsk.o_i    romdata   0x00cedc    program   0x000000
    .idata_Miner_Main.o_i    romdata   0x00cede    program   0x000006
            .idata_IP.o_i    romdata   0x00cee4    program   0x000002
    .idata_GetPutWork.o_i    romdata   0x00cee6    program   0x000026
          .idata_ICMP.o_i    romdata   0x00cee6    program   0x000000
       .idata_Helpers.o_i    romdata   0x00cee6    program   0x000000
      .idata_ETH97J60.o_i    romdata   0x00cf0c    program   0x000000
         .idata_Delay.o_i    romdata   0x00cf0c    program   0x000000
           .idata_DNS.o_i    romdata   0x00cf0c    program   0x000004
           .idata_ARP.o_i    romdata   0x00cf10    program   0x000005
            .code_Delay.o       code   0x00cf16    program   0x000000
            .code_c018i.o       code   0x00cf16    program   0x000000
                    confo    romdata   0x01f800    program   0x000224
                   booter       code   0x01fc00    program   0x0003e8
.config_1fff8_Miner_Main.o    romdata   0x01fff8    program   0x000001
.config_1fff9_Miner_Main.o    romdata   0x01fff9    program   0x000001
.config_1fffa_Miner_Main.o    romdata   0x01fffa    program   0x000001
.config_1fffb_Miner_Main.o    romdata   0x01fffb    program   0x000001
.config_1fffd_Miner_Main.o    romdata   0x01fffd    program   0x000001
                 .tmpdata      udata   0x000000       data   0x000034
                MATH_DATA      udata   0x000034       data   0x000014
                DELAYDAT2      udata   0x000048       data   0x000001
                DELAYDAT1      udata   0x000049       data   0x000001
                 TCB_uRAM      udata   0x000060       data   0x0000fc
      .idata_GetPutWork.o      idata   0x00015c       data   0x000026
             .udata_DNS.o      udata   0x000182       data   0x000018
             .udata_ARP.o      udata   0x00019a       data   0x000014
      .udata_Miner_Main.o      udata   0x0001ae       data   0x000012
        .udata_StackTsk.o      udata   0x0001c0       data   0x00000a
            .idata_Tick.o      idata   0x0001ca       data   0x000008
            .udata_Tick.o      udata   0x0001d2       data   0x000006
      .idata_Miner_Main.o      idata   0x0001d8       data   0x000006
             .idata_ARP.o      idata   0x0001de       data   0x000005
             .idata_DNS.o      idata   0x0001e3       data   0x000004
                SEED_DATA      idata   0x0001e7       data   0x000002
             .idata_UDP.o      idata   0x0001e9       data   0x000002
             .idata_TCP.o      idata   0x0001eb       data   0x000002
       .idata_Miner_WEB.o      idata   0x0001ed       data   0x000002
              .idata_IP.o      idata   0x0001ef       data   0x000002
              .udata_IP.o      udata   0x0001f1       data   0x000001
        .idata_fxd1616u.o      idata   0x0001f2       data   0x000000
        .udata_fxd1616u.o      udata   0x0001f2       data   0x000000
        .udata_fxd3232u.o      udata   0x0001f2       data   0x000000
        .idata_fxd3232u.o      idata   0x0001f2       data   0x000000
         .udata_fxm3232.o      udata   0x0001f2       data   0x000000
        .idata_MySha256.o      idata   0x0001f2       data   0x000000
        .idata_fxd0808u.o      idata   0x0001f2       data   0x000000
         .idata_fxm3232.o      idata   0x0001f2       data   0x000000
        .udata_fxd0808u.o      udata   0x0001f2       data   0x000000
            .udata_UART.o      udata   0x0001f2       data   0x000000
           .idata_c018i.o      idata   0x0001f2       data   0x000000
           .idata_Delay.o      idata   0x0001f2       data   0x000000
           .udata_Delay.o      udata   0x0001f2       data   0x000000
         .idata_Helpers.o      idata   0x0001f2       data   0x000000
         .udata_Helpers.o      udata   0x0001f2       data   0x000000
          .udata___init.o      udata   0x0001f2       data   0x000000
            .idata_UART.o      idata   0x0001f2       data   0x000000
          .idata___init.o      idata   0x0001f2       data   0x000000
        .idata_StackTsk.o      idata   0x0001f2       data   0x000000
            .idata_ICMP.o      idata   0x0001f2       data   0x000000
            .udata_ICMP.o      udata   0x0001f2       data   0x000000
        .idata_ETH97J60.o      idata   0x0001f2       data   0x000000
      .udata_GetPutWork.o      udata   0x000200       data   0x000634
       .udata_Miner_WEB.o      udata   0x000834       data   0x00041c
                   .stack      udata   0x000d00       data   0x000100
       SYN_QUEUE_RAM_SECT      udata   0x000e00       data   0x00003c
        .udata_MySha256.o      udata   0x000e3c       data   0x000028
             .udata_UDP.o      udata   0x000e64       data   0x00001a
              temp_tblptr      udata   0x000e7e       data   0x000002
              SFR_BANKED0      udata   0x000e80       data   0x000006
              SFR_BANKED1      udata   0x000e8a       data   0x000001
              SFR_BANKED2      udata   0x000e97       data   0x000003
              SFR_BANKED3      udata   0x000ea0       data   0x000001
              SFR_BANKED4      udata   0x000ea2       data   0x000003
              SFR_BANKED5      udata   0x000ea6       data   0x000002
              SFR_BANKED6      udata   0x000eaa       data   0x000002
              SFR_BANKED7      udata   0x000eb2       data   0x000001
              SFR_BANKED8      udata   0x000eb4       data   0x000001
              SFR_BANKED9      udata   0x000eb6       data   0x000004
             SFR_BANKED10      udata   0x000ec0       data   0x000012
             SFR_BANKED11      udata   0x000ed4       data   0x000002
             SFR_BANKED12      udata   0x000ed8       data   0x000002
             SFR_BANKED13      udata   0x000ee2       data   0x000016
             SFR_BANKED14      udata   0x000efb       data   0x000001
             SFR_BANKED15      udata   0x000efd       data   0x000002
             .udata_TCP.o      udata   0x000f00       data   0x00004f
           .udata_c018i.o      udata   0x000f4f       data   0x00000a
        .udata_ETH97J60.o      udata   0x000f59       data   0x000007
            SFR_UNBANKED0      udata   0x000f60       data   0x0000a0



                              Program Memory Usage 
                               Start         End      
                           ---------   ---------      
                            0x000000    0x000005      
                            0x000008    0x00000d      
                            0x000018    0x00001d      
                            0x000040    0x00cf14      
                            0x01f800    0x01fa23      
                            0x01fc00    0x01ffe7      
                            0x01fff8    0x01fffb      
                            0x01fffd    0x01fffd      
            54520 out of 131070 program addresses used, program memory utilization is 41%



                              Symbols - Sorted by Name
                     Name    Address   Location    Storage File                     
                ---------  ---------  ---------  --------- ---------                
                  ARPInit   0x00b1e2    program     extern D:\Final\PIC_Module\Microchip\TCPIP Stack\ARP.c
            ARPIsResolved   0x00b4ac    program     extern D:\Final\PIC_Module\Microchip\TCPIP Stack\ARP.c
               ARPProcess   0x00b1fa    program     extern D:\Final\PIC_Module\Microchip\TCPIP Stack\ARP.c
                   ARPPut   0x00b12a    program     static D:\Final\PIC_Module\Microchip\TCPIP Stack\ARP.c
               ARPResolve   0x00b3a8    program     extern D:\Final\PIC_Module\Microchip\TCPIP Stack\ARP.c
     CalcIPBufferChecksum   0x00803c    program     extern D:\Final\PIC_Module\Microchip\TCPIP Stack\ETH97J60.c
           CalcIPChecksum   0x00a1a0    program     extern D:\Final\PIC_Module\Microchip\TCPIP Stack\Helpers.c
                CheckASIC   0x000946    program     static D:\Final\PIC_Module\Miner\Miner_Main.c
                 CheckMAC   0x0003be    program     static D:\Final\PIC_Module\Miner\Miner_Main.c
               CheckNonce   0x000840    program     static D:\Final\PIC_Module\Miner\Miner_Main.c
                CheckSRAM   0x0004b4    program     static D:\Final\PIC_Module\Miner\Miner_Main.c
              CloseSocket   0x00283a    program     static D:\Final\PIC_Module\Microchip\TCPIP Stack\TCP.c
                 ClrExist   0x000808    program     extern D:\Final\PIC_Module\Miner\Miner_Main.c
                 ConfInit   0x00ae8e    program     static D:\Final\PIC_Module\Miner\Miner_Main.c
                   D10K_1   0x00ce1a    program     static D:\3.43\pic18-lt\cxx-framework\src\traditional\delays\d10ktcyx.asm
                    D10Kl   0x00ce26    program     static D:\3.43\pic18-lt\cxx-framework\src\traditional\delays\d10ktcyx.asm
                    D10Kx   0x00ce18    program     static D:\3.43\pic18-lt\cxx-framework\src\traditional\delays\d10ktcyx.asm
            DNSBeginUsage   0x00a394    program     extern D:\Final\PIC_Module\Microchip\TCPIP Stack\DNS.c
              DNSEndUsage   0x00a39e    program     extern D:\Final\PIC_Module\Microchip\TCPIP Stack\DNS.c
             DNSGetString   0x00a90c    program     static D:\Final\PIC_Module\Microchip\TCPIP Stack\DNS.c
            DNSIsResolved   0x00a432    program     extern D:\Final\PIC_Module\Microchip\TCPIP Stack\DNS.c
          DNSPutROMString   0x00a82a    program     static D:\Final\PIC_Module\Microchip\TCPIP Stack\DNS.c
             DNSPutString   0x00a776    program     static D:\Final\PIC_Module\Microchip\TCPIP Stack\DNS.c
               DNSResolve   0x00a3b8    program     extern D:\Final\PIC_Module\Microchip\TCPIP Stack\DNS.c
            DNSResolveROM   0x00a3ec    program     extern D:\Final\PIC_Module\Microchip\TCPIP Stack\DNS.c
             Delay10KTCYx   0x00ce0e    program     extern D:\3.43\pic18-lt\cxx-framework\src\traditional\delays\d10ktcyx.asm
                 Dispatch   0x004e5c    program     extern D:\Final\PIC_Module\Miner\GetPutWork.c
                   DoStic   0x0066ce    program     static D:\Final\PIC_Module\Miner\Miner_WEB.c
                   EXPAND   0x006f08    program     static D:\Final\PIC_Module\Miner\MySha256.c
                   Eraser   0x01fefc    program     extern D:\Final\PIC_Module\Miner\Miner_Main.c
                 FLO3232S   0x00b5fa    program     extern D:\3.43\pic18-lt\cxx-framework\src\traditional\math\cast32FP.asm
                 FLO3232U   0x00b5f6    program     extern D:\3.43\pic18-lt\cxx-framework\src\traditional\math\cast32FP.asm
                    FPD32   0x00b62c    program     extern D:\3.43\pic18-lt\cxx-framework\src\traditional\math\divFP.asm
                    FPM32   0x00b6d2    program     extern D:\3.43\pic18-lt\cxx-framework\src\traditional\math\mulFP.asm
                 FXD0808U   0x00ceb0    program     extern D:\3.43\pic18-lt\cxx-framework\src\traditional\math\fxd0808u.c
                 FXD1616U   0x00ce3c    program     extern D:\3.43\pic18-lt\cxx-framework\src\traditional\math\fxd1616u.c
                 FXD3232U   0x00cd5a    program     extern D:\3.43\pic18-lt\cxx-framework\src\traditional\math\fxd3232u.c
                 FXM1616U   0x00b7ac    program     extern D:\3.43\pic18-lt\cxx-framework\src\traditional\math\fxm1616u.asm
                 FXM2424U   0x00b7e8    program     extern D:\3.43\pic18-lt\cxx-framework\src\traditional\math\fxm2424u.asm
                  FXM3232   0x00ccea    program     extern D:\3.43\pic18-lt\cxx-framework\src\traditional\math\fxm3232.c
       FindMatchingSocket   0x002540    program     static D:\Final\PIC_Module\Microchip\TCPIP Stack\TCP.c
       FindMatchingSocket   0x0097ba    program     static D:\Final\PIC_Module\Microchip\TCPIP Stack\UDP.c
              GPW_Restart   0x0049f4    program     extern D:\Final\PIC_Module\Miner\GetPutWork.c
      GenerateRandomDWORD   0x009b5c    program     extern D:\Final\PIC_Module\Microchip\TCPIP Stack\Helpers.c
                 GetExist   0x0007b8    program     extern D:\Final\PIC_Module\Miner\Miner_Main.c
                 GetNonce   0x00ad2e    program     extern D:\Final\PIC_Module\Miner\Miner_Main.c
              GetTickCopy   0x00cadc    program     static D:\Final\PIC_Module\Microchip\TCPIP Stack\Tick.c
                  GetWork   0x004a68    program     extern D:\Final\PIC_Module\Miner\GetPutWork.c
                 Get_UART   0x01ff32    program     static D:\Final\PIC_Module\Miner\Miner_Main.c
                 HTTPInit   0x005dda    program     extern D:\Final\PIC_Module\Miner\Miner_WEB.c
              HTTPProcess   0x005e72    program     static D:\Final\PIC_Module\Miner\Miner_WEB.c
               HTTPServer   0x005e04    program     extern D:\Final\PIC_Module\Miner\Miner_WEB.c
             HandleTCPSeg   0x0028b8    program     static D:\Final\PIC_Module\Microchip\TCPIP Stack\TCP.c
                  HighISR   0x00abc2    program     extern D:\Final\PIC_Module\Miner\Miner_Main.c
               HighVector   0x000008    program     extern D:\Final\PIC_Module\Miner\Miner_Main.c
              ICMPProcess   0x00c8a2    program     extern D:\Final\PIC_Module\Microchip\TCPIP Stack\ICMP.c
                  INT3216   0x00b87a    program     extern D:\3.43\pic18-lt\cxx-framework\src\traditional\math\castFP16.asm
                  INT3232   0x00b8d8    program     extern D:\3.43\pic18-lt\cxx-framework\src\traditional\math\castFP32.asm
                IP2String   0x005d46    program     extern D:\Final\PIC_Module\Miner\Miner_WEB.c
              IPGetHeader   0x00ba52    program     extern D:\Final\PIC_Module\Microchip\TCPIP Stack\IP.c
              IPPutHeader   0x00bb86    program     extern D:\Final\PIC_Module\Microchip\TCPIP Stack\IP.c
            IPSetRxBuffer   0x00bc80    program     extern D:\Final\PIC_Module\Microchip\TCPIP Stack\IP.c
          InitializeBoard   0x000b44    program     static D:\Final\PIC_Module\Miner\Miner_Main.c
              Job_Restart   0x0049c2    program     extern D:\Final\PIC_Module\Miner\GetPutWork.c
                        K   0x00c9cc    program     static D:\Final\PIC_Module\Miner\MySha256.c
                     LFCR   0x01fa21    program     extern D:\Final\PIC_Module\Miner\Miner_Main.c
               LoadConfig   0x00ae6c    program     static D:\Final\PIC_Module\Miner\Miner_Main.c
                   LowISR   0x00ab08    program     extern D:\Final\PIC_Module\Miner\Miner_Main.c
                LowVector   0x000018    program     extern D:\Final\PIC_Module\Miner\Miner_Main.c
                      M2S   0x0048a2    program     static D:\Final\PIC_Module\Miner\GetPutWork.c
        MACCalcRxChecksum   0x007ff0    program     extern D:\Final\PIC_Module\Microchip\TCPIP Stack\ETH97J60.c
             MACDiscardRx   0x007c76    program     extern D:\Final\PIC_Module\Microchip\TCPIP Stack\ETH97J60.c
                 MACFlush   0x007f70    program     extern D:\Final\PIC_Module\Microchip\TCPIP Stack\ETH97J60.c
                   MACGet   0x008304    program     extern D:\Final\PIC_Module\Microchip\TCPIP Stack\ETH97J60.c
              MACGetArray   0x008308    program     extern D:\Final\PIC_Module\Microchip\TCPIP Stack\ETH97J60.c
         MACGetFreeRxSize   0x007cc6    program     extern D:\Final\PIC_Module\Microchip\TCPIP Stack\ETH97J60.c
             MACGetHeader   0x007d8c    program     extern D:\Final\PIC_Module\Microchip\TCPIP Stack\ETH97J60.c
                  MACInit   0x007b2a    program     extern D:\Final\PIC_Module\Microchip\TCPIP Stack\ETH97J60.c
              MACIsLinked   0x007c32    program     extern D:\Final\PIC_Module\Microchip\TCPIP Stack\ETH97J60.c
         MACIsMemCopyDone   0x0082f8    program     extern D:\Final\PIC_Module\Microchip\TCPIP Stack\ETH97J60.c
             MACIsTxReady   0x007c44    program     extern D:\Final\PIC_Module\Microchip\TCPIP Stack\ETH97J60.c
          MACMemCopyAsync   0x0081b0    program     extern D:\Final\PIC_Module\Microchip\TCPIP Stack\ETH97J60.c
             MACPowerDown   0x0084ba    program     extern D:\Final\PIC_Module\Microchip\TCPIP Stack\ETH97J60.c
               MACPowerUp   0x0084cc    program     extern D:\Final\PIC_Module\Microchip\TCPIP Stack\ETH97J60.c
                   MACPut   0x008368    program     extern D:\Final\PIC_Module\Microchip\TCPIP Stack\ETH97J60.c
              MACPutArray   0x008382    program     extern D:\Final\PIC_Module\Microchip\TCPIP Stack\ETH97J60.c
             MACPutHeader   0x007f12    program     extern D:\Final\PIC_Module\Microchip\TCPIP Stack\ETH97J60.c
           MACPutROMArray   0x0083c6    program     extern D:\Final\PIC_Module\Microchip\TCPIP Stack\ETH97J60.c
            MACSetReadPtr   0x007fd2    program     extern D:\Final\PIC_Module\Microchip\TCPIP Stack\ETH97J60.c
        MACSetReadPtrInRx   0x007f98    program     extern D:\Final\PIC_Module\Microchip\TCPIP Stack\ETH97J60.c
           MACSetWritePtr   0x007fb8    program     extern D:\Final\PIC_Module\Microchip\TCPIP Stack\ETH97J60.c
                   MsWait   0x00ac20    program     static D:\Final\PIC_Module\Miner\Miner_Main.c
                  OneByte   0x00c2f0    program     static D:\3.43\pic18-lt\cxx-framework\src\traditional\stdclib\ltobcd.asm
                  OutASIC   0x00acda    program     extern D:\Final\PIC_Module\Miner\Miner_Main.c
                   OutDot   0x006558    program     static D:\Final\PIC_Module\Miner\Miner_WEB.c
                  OutLong   0x0064fa    program     static D:\Final\PIC_Module\Miner\Miner_WEB.c
                   OutMAC   0x00abd0    program     static D:\Final\PIC_Module\Miner\Miner_Main.c
                  OutShit   0x00661e    program     static D:\Final\PIC_Module\Miner\Miner_WEB.c
                  OutTime   0x0065d4    program     static D:\Final\PIC_Module\Miner\Miner_WEB.c
                     Page   0x0088cc    program     static D:\Final\PIC_Module\Miner\Miner_WEB.c
                  Prepare   0x01fc00    program     static D:\Final\PIC_Module\Miner\Miner_Main.c
                ProcLower   0x00c288    program     static D:\3.43\pic18-lt\cxx-framework\src\traditional\stdclib\ultoa.asm
                ProcUpper   0x00c27e    program     static D:\3.43\pic18-lt\cxx-framework\src\traditional\stdclib\ultoa.asm
                  PutStat   0x00082e    program     static D:\Final\PIC_Module\Miner\Miner_Main.c
                  PutWork   0x004f8c    program     extern D:\Final\PIC_Module\Miner\GetPutWork.c
     ROMStringToIPAddress   0x009ea8    program     extern D:\Final\PIC_Module\Microchip\TCPIP Stack\Helpers.c
                     ROTR   0x006e8a    program     static D:\Final\PIC_Module\Miner\MySha256.c
                    ROUND   0x00716e    program     static D:\Final\PIC_Module\Miner\MySha256.c
             RawErasePage   0x00afb6    program     static D:\Final\PIC_Module\Miner\Miner_Main.c
       RawWriteFlashBlock   0x00affa    program     static D:\Final\PIC_Module\Miner\Miner_Main.c
              ReInitBoard   0x000b18    program     static D:\Final\PIC_Module\Miner\Miner_Main.c
               ReadPHYReg   0x00841c    program     extern D:\Final\PIC_Module\Microchip\TCPIP Stack\ETH97J60.c
                      S2M   0x00490c    program     static D:\Final\PIC_Module\Miner\GetPutWork.c
               SPI2UsrPas   0x004838    program     static D:\Final\PIC_Module\Miner\GetPutWork.c
           SPIRAMGetArray   0x00479a    program     extern D:\Final\PIC_Module\Miner\GetPutWork.c
           SPIRAMPutArray   0x00474c    program     extern D:\Final\PIC_Module\Miner\GetPutWork.c
               SaveConfig   0x00aeaa    program     extern D:\Final\PIC_Module\Miner\Miner_Main.c
                  SendGPW   0x005882    program     static D:\Final\PIC_Module\Miner\GetPutWork.c
                  SendTCP   0x00200e    program     static D:\Final\PIC_Module\Microchip\TCPIP Stack\TCP.c
                 SetExist   0x0007e4    program     extern D:\Final\PIC_Module\Miner\Miner_Main.c
        StackApplications   0x00c86e    program     extern D:\Final\PIC_Module\Microchip\TCPIP Stack\StackTsk.c
                StackInit   0x00c6e0    program     extern D:\Final\PIC_Module\Microchip\TCPIP Stack\StackTsk.c
                StackTask   0x00c6f4    program     extern D:\Final\PIC_Module\Microchip\TCPIP Stack\StackTsk.c
        StringToIPAddress   0x009e60    program     extern D:\Final\PIC_Module\Microchip\TCPIP Stack\Helpers.c
            SwapARPPacket   0x00b552    program     static D:\Final\PIC_Module\Microchip\TCPIP Stack\ARP.c
             SwapIPHeader   0x00bcae    program     static D:\Final\PIC_Module\Microchip\TCPIP Stack\IP.c
            SwapTCPHeader   0x0027be    program     static D:\Final\PIC_Module\Microchip\TCPIP Stack\TCP.c
                  SyncTCB   0x000dea    program     static D:\Final\PIC_Module\Microchip\TCPIP Stack\TCP.c
              SyncTCBStub   0x000d94    program     static D:\Final\PIC_Module\Microchip\TCPIP Stack\TCP.c
        TCPAdjustFIFOSize   0x003338    program     extern D:\Final\PIC_Module\Microchip\TCPIP Stack\TCP.c
               TCPDiscard   0x0014a0    program     extern D:\Final\PIC_Module\Microchip\TCPIP Stack\TCP.c
            TCPDisconnect   0x0010f4    program     extern D:\Final\PIC_Module\Microchip\TCPIP Stack\TCP.c
           TCPFindArrayEx   0x0016c4    program     extern D:\Final\PIC_Module\Microchip\TCPIP Stack\TCP.c
                TCPFindEx   0x001a04    program     extern D:\Final\PIC_Module\Microchip\TCPIP Stack\TCP.c
                 TCPFlush   0x001186    program     extern D:\Final\PIC_Module\Microchip\TCPIP Stack\TCP.c
                   TCPGet   0x00150a    program     extern D:\Final\PIC_Module\Microchip\TCPIP Stack\TCP.c
              TCPGetArray   0x00157e    program     extern D:\Final\PIC_Module\Microchip\TCPIP Stack\TCP.c
         TCPGetRemoteInfo   0x001150    program     extern D:\Final\PIC_Module\Microchip\TCPIP Stack\TCP.c
         TCPGetRxFIFOFree   0x00169c    program     extern D:\Final\PIC_Module\Microchip\TCPIP Stack\TCP.c
         TCPGetTxFIFOFull   0x001476    program     extern D:\Final\PIC_Module\Microchip\TCPIP Stack\TCP.c
                  TCPInit   0x000e30    program     extern D:\Final\PIC_Module\Microchip\TCPIP Stack\TCP.c
           TCPIsConnected   0x0010d2    program     extern D:\Final\PIC_Module\Microchip\TCPIP Stack\TCP.c
            TCPIsGetReady   0x0014c4    program     extern D:\Final\PIC_Module\Microchip\TCPIP Stack\TCP.c
            TCPIsPutReady   0x0011a2    program     extern D:\Final\PIC_Module\Microchip\TCPIP Stack\TCP.c
                  TCPOpen   0x000f9e    program     extern D:\Final\PIC_Module\Microchip\TCPIP Stack\TCP.c
               TCPProcess   0x001eb8    program     extern D:\Final\PIC_Module\Microchip\TCPIP Stack\TCP.c
                   TCPPut   0x00120a    program     extern D:\Final\PIC_Module\Microchip\TCPIP Stack\TCP.c
              TCPPutArray   0x0012a0    program     extern D:\Final\PIC_Module\Microchip\TCPIP Stack\TCP.c
           TCPPutROMArray   0x001330    program     extern D:\Final\PIC_Module\Microchip\TCPIP Stack\TCP.c
          TCPPutROMString   0x001410    program     extern D:\Final\PIC_Module\Microchip\TCPIP Stack\TCP.c
             TCPPutString   0x0013b8    program     extern D:\Final\PIC_Module\Microchip\TCPIP Stack\TCP.c
               TCPRAMCopy   0x0034f4    program     static D:\Final\PIC_Module\Microchip\TCPIP Stack\TCP.c
            TCPRAMCopyROM   0x003644    program     static D:\Final\PIC_Module\Microchip\TCPIP Stack\TCP.c
     TCPSocketInitializer   0x00cda2    program     extern D:\Final\PIC_Module\Miner\TCPIPConfig.h
                  TCPTick   0x001a3a    program     extern D:\Final\PIC_Module\Microchip\TCPIP Stack\TCP.c
                  TickGet   0x00cb02    program     extern D:\Final\PIC_Module\Microchip\TCPIP Stack\Tick.c
            TickGetDiv256   0x00cb16    program     extern D:\Final\PIC_Module\Microchip\TCPIP Stack\Tick.c
            TickGetDiv64K   0x00cb40    program     extern D:\Final\PIC_Module\Microchip\TCPIP Stack\Tick.c
                 TickInit   0x00cacc    program     extern D:\Final\PIC_Module\Microchip\TCPIP Stack\Tick.c
               TickUpdate   0x00cb6a    program     extern D:\Final\PIC_Module\Microchip\TCPIP Stack\Tick.c
                 TstLower   0x00c272    program     static D:\3.43\pic18-lt\cxx-framework\src\traditional\stdclib\ultoa.asm
                 TstUpper   0x00c26c    program     static D:\3.43\pic18-lt\cxx-framework\src\traditional\stdclib\ultoa.asm
                 UDPClose   0x009252    program     extern D:\Final\PIC_Module\Microchip\TCPIP Stack\UDP.c
               UDPDiscard   0x009606    program     extern D:\Final\PIC_Module\Microchip\TCPIP Stack\UDP.c
                 UDPFlush   0x009476    program     extern D:\Final\PIC_Module\Microchip\TCPIP Stack\UDP.c
                   UDPGet   0x009562    program     extern D:\Final\PIC_Module\Microchip\TCPIP Stack\UDP.c
              UDPGetArray   0x009596    program     extern D:\Final\PIC_Module\Microchip\TCPIP Stack\UDP.c
                  UDPInit   0x00914a    program     extern D:\Final\PIC_Module\Microchip\TCPIP Stack\UDP.c
            UDPIsGetReady   0x00952e    program     extern D:\Final\PIC_Module\Microchip\TCPIP Stack\UDP.c
            UDPIsPutReady   0x0092e2    program     extern D:\Final\PIC_Module\Microchip\TCPIP Stack\UDP.c
                  UDPOpen   0x009172    program     extern D:\Final\PIC_Module\Microchip\TCPIP Stack\UDP.c
               UDPProcess   0x009620    program     extern D:\Final\PIC_Module\Microchip\TCPIP Stack\UDP.c
                   UDPPut   0x009338    program     extern D:\Final\PIC_Module\Microchip\TCPIP Stack\UDP.c
              UDPPutArray   0x009380    program     extern D:\Final\PIC_Module\Microchip\TCPIP Stack\UDP.c
           UDPPutROMArray   0x0093ae    program     extern D:\Final\PIC_Module\Microchip\TCPIP Stack\UDP.c
             UDPPutString   0x009420    program     extern D:\Final\PIC_Module\Microchip\TCPIP Stack\UDP.c
           UDPSetRxBuffer   0x0092c2    program     extern D:\Final\PIC_Module\Microchip\TCPIP Stack\UDP.c
           UDPSetTxBuffer   0x009278    program     extern D:\Final\PIC_Module\Microchip\TCPIP Stack\UDP.c
                  UDPTask   0x00916c    program     extern D:\Final\PIC_Module\Microchip\TCPIP Stack\UDP.c
               UsrPas2SPI   0x0047ea    program     static D:\Final\PIC_Module\Miner\GetPutWork.c
              WritePHYReg   0x008476    program     extern D:\Final\PIC_Module\Microchip\TCPIP Stack\ETH97J60.c
               WriteUSART   0x00cc52    program     extern D:\Final\PIC_Module\Microchip\TCPIP Stack\UART.c
              _2jContinue   0x00beae    program     static D:\3.43\pic18-lt\cxx-framework\src\traditional\stdclib\memset.asm
                   _2jEnd   0x00c006    program     static D:\3.43\pic18-lt\cxx-framework\src\traditional\stdclib\slenpgm.asm
              _3jContinue   0x00bdde    program     static D:\3.43\pic18-lt\cxx-framework\src\traditional\stdclib\mcmpp2r.asm
              _3jContinue   0x00be7a    program     static D:\3.43\pic18-lt\cxx-framework\src\traditional\stdclib\mcpyp2r.asm
                   _3jEnd   0x00beb8    program     static D:\3.43\pic18-lt\cxx-framework\src\traditional\stdclib\memset.asm
              _4jContinue   0x00be26    program     static D:\3.43\pic18-lt\cxx-framework\src\traditional\stdclib\memcpy.asm
              _4jContinue   0x00bd8e    program     static D:\3.43\pic18-lt\cxx-framework\src\traditional\stdclib\memcmp.asm
                   _4jEnd   0x00bde8    program     static D:\3.43\pic18-lt\cxx-framework\src\traditional\stdclib\mcmpp2r.asm
                   _4jEnd   0x00be84    program     static D:\3.43\pic18-lt\cxx-framework\src\traditional\stdclib\mcpyp2r.asm
                   _5jEnd   0x00bd98    program     static D:\3.43\pic18-lt\cxx-framework\src\traditional\stdclib\memcmp.asm
                   _5jEnd   0x00be30    program     static D:\3.43\pic18-lt\cxx-framework\src\traditional\stdclib\memcpy.asm
       _D10KTCYXCODE_0010   0x00ce1e    program     static D:\3.43\pic18-lt\cxx-framework\src\traditional\delays\d10ktcyx.asm
       _D10KTCYXCODE_001C   0x00ce2a    program     static D:\3.43\pic18-lt\cxx-framework\src\traditional\delays\d10ktcyx.asm
                 __FpExit   0x00b952    program     extern D:\3.43\pic18-lt\cxx-framework\src\traditional\math\packFP.asm
                 __FpPack   0x00b97e    program     extern D:\3.43\pic18-lt\cxx-framework\src\traditional\math\packFP.asm
            __FpReturnNaN   0x00b946    program     extern D:\3.43\pic18-lt\cxx-framework\src\traditional\math\packFP.asm
         __FpReturnNegInf   0x00b958    program     extern D:\3.43\pic18-lt\cxx-framework\src\traditional\math\packFP.asm
        __FpReturnNegZero   0x00b970    program     extern D:\3.43\pic18-lt\cxx-framework\src\traditional\math\packFP.asm
         __FpReturnPosInf   0x00b95e    program     extern D:\3.43\pic18-lt\cxx-framework\src\traditional\math\packFP.asm
        __FpReturnPosZero   0x00b978    program     extern D:\3.43\pic18-lt\cxx-framework\src\traditional\math\packFP.asm
        __FpReturnSignInf   0x00b954    program     extern D:\3.43\pic18-lt\cxx-framework\src\traditional\math\packFP.asm
       __FpReturnSignZero   0x00b96c    program     extern D:\3.43\pic18-lt\cxx-framework\src\traditional\math\packFP.asm
              __FpReturnW   0x00b9d6    program     extern D:\3.43\pic18-lt\cxx-framework\src\traditional\math\packFP.asm
              __FpUnPackA   0x00b9f6    program     extern D:\3.43\pic18-lt\cxx-framework\src\traditional\math\UnpackFP.asm
              __FpUnPackB   0x00ba26    program     extern D:\3.43\pic18-lt\cxx-framework\src\traditional\math\UnpackFP.asm
           ___?:_lbl00023   0x000096    program     static                          
           ___?:_lbl00024   0x000094    program     static                          
           ___?:_lbl00025   0x0000fe    program     static                          
           ___?:_lbl00026   0x0000f2    program     static                          
           ___?:_lbl00027   0x000156    program     static                          
           ___?:_lbl00028   0x00014a    program     static                          
           ___?:_lbl00046   0x000368    program     static                          
           ___?:_lbl00047   0x000366    program     static                          
       ___case_0_lbl00168   0x00503a    program     static                          
       ___case_1_lbl00173   0x00510c    program     static                          
       ___case_2_lbl00183   0x005200    program     static                          
       ___case_3_lbl00190   0x0053e6    program     static                          
       ___case_4_lbl00192   0x0055c6    program     static                          
           ___do_lbl00002   0x00cafa    program     static                          
           ___do_lbl00003   0x00cafe    program     static                          
           ___do_lbl00004   0x00cadc    program     static                          
         ___else_lbl00035   0x000284    program     static                          
         ___else_lbl00078   0x00052c    program     static                          
         ___else_lbl00106   0x00071c    program     static                          
         ___else_lbl00164   0x005004    program     static                          
         ___else_lbl00182   0x005236    program     static                          
         ___else_lbl00187   0x00552c    program     static                          
         ___else_lbl00189   0x005416    program     static                          
          ___for_lbl00019   0x00ad74    program     static                          
          ___for_lbl00020   0x00ad78    program     static                          
          ___for_lbl00021   0x00ad3c    program     static                          
          ___for_lbl00079   0x0006f8    program     static                          
          ___for_lbl00080   0x0006fe    program     static                          
          ___for_lbl00087   0x000614    program     static                          
          ___for_lbl00088   0x00061e    program     static                          
          ___for_lbl00091   0x00059c    program     static                          
          ___for_lbl00098   0x0006ec    program     static                          
          ___for_lbl00099   0x0006f6    program     static                          
          ___for_lbl00103   0x00065a    program     static                          
          ___for_lbl00104   0x000550    program     static                          
          ___for_lbl00113   0x00076e    program     static                          
          ___for_lbl00114   0x000778    program     static                          
          ___for_lbl00115   0x00074c    program     static                          
          ___for_lbl00177   0x005320    program     static                          
          ___for_lbl00178   0x005326    program     static                          
          ___for_lbl00179   0x0052d2    program     static                          
          ___for_lbl00219   0x00b032    program     static                          
          ___for_lbl00220   0x00b038    program     static                          
          ___for_lbl00221   0x00b00a    program     static                          
          ___for_lbl00234   0x01fdee    program     static                          
          ___for_lbl00235   0x01fdf0    program     static                          
          ___for_lbl00241   0x01fd82    program     static                          
          ___for_lbl00248   0x01fecc    program     static                          
          ___for_lbl00249   0x01fed2    program     static                          
          ___for_lbl00250   0x01fe9e    program     static                          
          ___for_lbl00251   0x01fea4    program     static                          
          ___for_lbl00252   0x01fe72    program     static                          
          ___for_lbl00255   0x01fe48    program     static                          
           ___if_lbl00005   0x009d48    program     static                          
           ___if_lbl00006   0x009d66    program     static                          
           ___if_lbl00007   0x009dfc    program     static                          
           ___if_lbl00008   0x009e02    program     static                          
           ___if_lbl00019   0x007da2    program     static                          
           ___if_lbl00020   0x007dae    program     static                          
           ___if_lbl00026   0x007e7a    program     static                          
           ___if_lbl00029   0x007ef2    program     static                          
           ___if_lbl00029   0x0001ae    program     static                          
           ___if_lbl00032   0x0001d2    program     static                          
           ___if_lbl00034   0x000288    program     static                          
           ___if_lbl00036   0x000288    program     static                          
           ___if_lbl00037   0x00028a    program     static                          
           ___if_lbl00038   0x00028a    program     static                          
           ___if_lbl00045   0x000356    program     static                          
           ___if_lbl00048   0x000394    program     static                          
           ___if_lbl00049   0x000398    program     static                          
           ___if_lbl00077   0x00054c    program     static                          
           ___if_lbl00102   0x00069e    program     static                          
           ___if_lbl00105   0x000732    program     static                          
           ___if_lbl00118   0x00079a    program     static                          
           ___if_lbl00161   0x004fc4    program     static                          
           ___if_lbl00162   0x005002    program     static                          
           ___if_lbl00163   0x00500e    program     static                          
           ___if_lbl00165   0x00500e    program     static                          
           ___if_lbl00167   0x005042    program     static                          
           ___if_lbl00169   0x005050    program     static                          
           ___if_lbl00170   0x0050be    program     static                          
           ___if_lbl00171   0x0051c0    program     static                          
           ___if_lbl00172   0x0051c2    program     static                          
           ___if_lbl00174   0x0051ca    program     static                          
           ___if_lbl00175   0x0051ec    program     static                          
           ___if_lbl00180   0x0053e4    program     static                          
           ___if_lbl00181   0x0053e4    program     static                          
           ___if_lbl00184   0x0054f2    program     static                          
           ___if_lbl00185   0x0055c4    program     static                          
           ___if_lbl00186   0x0055c4    program     static                          
           ___if_lbl00188   0x0055c4    program     static                          
           ___if_lbl00191   0x0055f2    program     static                          
           ___if_lbl00225   0x01fc52    program     static                          
           ___if_lbl00226   0x01fc66    program     static                          
           ___if_lbl00227   0x01fc70    program     static                          
           ___if_lbl00230   0x01fd2a    program     static                          
           ___if_lbl00231   0x01fd3e    program     static                          
           ___if_lbl00236   0x01fd96    program     static                          
           ___if_lbl00237   0x01fdd4    program     static                          
           ___if_lbl00238   0x01fdee    program     static                          
           ___if_lbl00239   0x01fdee    program     static                          
           ___if_lbl00240   0x01fdee    program     static                          
           ___if_lbl00242   0x01fe12    program     static                          
           ___if_lbl00247   0x01fe44    program     static                          
       ___return_lbl00000   0x009e4c    program     static                          
       ___return_lbl00000   0x000004    program     static                          
       ___return_lbl00000   0x007c28    program     static                          
       ___return_lbl00000   0x00cd58    program     static                          
       ___return_lbl00000   0x00cda0    program     static                          
       ___return_lbl00000   0x00ce66    program     static                          
       ___return_lbl00000   0x00ceca    program     static                          
       ___return_lbl00001   0x00cb00    program     static                          
       ___return_lbl00001   0x00ceae    program     static                          
       ___return_lbl00002   0x00cc50    program     static                          
       ___return_lbl00002   0x00001c    program     static                          
       ___return_lbl00003   0x00000c    program     static                          
       ___return_lbl00018   0x00ad78    program     static                          
       ___return_lbl00018   0x007efa    program     static                          
       ___return_lbl00022   0x0003aa    program     static                          
       ___return_lbl00068   0x0007a0    program     static                          
       ___return_lbl00078   0x00837a    program     static                          
       ___return_lbl00079   0x0083be    program     static                          
       ___return_lbl00082   0x008414    program     static                          
       ___return_lbl00085   0x008462    program     static                          
       ___return_lbl00088   0x0084b0    program     static                          
       ___return_lbl00160   0x005616    program     static                          
       ___return_lbl00213   0x00aff2    program     static                          
       ___return_lbl00218   0x00b066    program     static                          
       ___return_lbl00224   0x01fee8    program     static                          
       ___return_lbl00256   0x01ff30    program     static                          
   ___switchexit_lbl00166   0x005616    program     static                          
        ___while_lbl00001   0x007b3c    program     static                          
        ___while_lbl00001   0x009bdc    program     static                          
        ___while_lbl00002   0x007b42    program     static                          
        ___while_lbl00002   0x009e04    program     static                          
        ___while_lbl00003   0x009be4    program     static                          
        ___while_lbl00004   0x009be8    program     static                          
        ___while_lbl00030   0x0001b0    program     static                          
        ___while_lbl00031   0x0003aa    program     static                          
        ___while_lbl00039   0x0002a0    program     static                          
        ___while_lbl00040   0x000354    program     static                          
        ___while_lbl00041   0x0002c8    program     static                          
        ___while_lbl00042   0x000302    program     static                          
        ___while_lbl00043   0x000318    program     static                          
        ___while_lbl00044   0x000352    program     static                          
        ___while_lbl00069   0x0004e2    program     static                          
        ___while_lbl00070   0x0004e6    program     static                          
        ___while_lbl00071   0x0004ea    program     static                          
        ___while_lbl00072   0x0004ee    program     static                          
        ___while_lbl00073   0x0004fa    program     static                          
        ___while_lbl00074   0x0004fe    program     static                          
        ___while_lbl00075   0x000500    program     static                          
        ___while_lbl00076   0x000504    program     static                          
        ___while_lbl00080   0x00838a    program     static                          
        ___while_lbl00081   0x0083be    program     static                          
        ___while_lbl00081   0x000572    program     static                          
        ___while_lbl00082   0x000576    program     static                          
        ___while_lbl00083   0x000578    program     static                          
        ___while_lbl00083   0x0083ce    program     static                          
        ___while_lbl00084   0x00057c    program     static                          
        ___while_lbl00084   0x008414    program     static                          
        ___while_lbl00085   0x00057e    program     static                          
        ___while_lbl00086   0x008438    program     static                          
        ___while_lbl00086   0x000582    program     static                          
        ___while_lbl00087   0x00843e    program     static                          
        ___while_lbl00089   0x0005c2    program     static                          
        ___while_lbl00089   0x0084aa    program     static                          
        ___while_lbl00090   0x0005c6    program     static                          
        ___while_lbl00090   0x0084b0    program     static                          
        ___while_lbl00092   0x000630    program     static                          
        ___while_lbl00093   0x000634    program     static                          
        ___while_lbl00094   0x000636    program     static                          
        ___while_lbl00095   0x00063a    program     static                          
        ___while_lbl00096   0x00063c    program     static                          
        ___while_lbl00097   0x000640    program     static                          
        ___while_lbl00100   0x00067c    program     static                          
        ___while_lbl00101   0x000680    program     static                          
        ___while_lbl00107   0x000738    program     static                          
        ___while_lbl00108   0x00073c    program     static                          
        ___while_lbl00109   0x00073e    program     static                          
        ___while_lbl00110   0x000742    program     static                          
        ___while_lbl00111   0x000744    program     static                          
        ___while_lbl00112   0x000748    program     static                          
        ___while_lbl00116   0x000778    program     static                          
        ___while_lbl00117   0x00077c    program     static                          
        ___while_lbl00214   0x00afe6    program     static                          
        ___while_lbl00215   0x00afea    program     static                          
        ___while_lbl00216   0x00afea    program     static                          
        ___while_lbl00217   0x00afee    program     static                          
        ___while_lbl00222   0x00b05c    program     static                          
        ___while_lbl00223   0x00b060    program     static                          
        ___while_lbl00232   0x01fd4a    program     static                          
        ___while_lbl00233   0x01fee4    program     static                          
        ___while_lbl00243   0x01fe3c    program     static                          
        ___while_lbl00244   0x01fe40    program     static                          
        ___while_lbl00245   0x01fe40    program     static                          
        ___while_lbl00246   0x01fe44    program     static                          
        ___while_lbl00253   0x01fec8    program     static                          
        ___while_lbl00254   0x01fecc    program     static                          
        ___while_lbl00257   0x01fefc    program     static                          
        ___while_lbl00258   0x01ff30    program     static                          
        ___while_lbl00259   0x01ff1e    program     static                          
        ___while_lbl00260   0x01ff22    program     static                          
        ___while_lbl00261   0x01ff22    program     static                          
        ___while_lbl00262   0x01ff26    program     static                          
               __config_0   0x01fff8    program     static D:\Final\PIC_Module\Miner\Miner_Main.c
               __config_1   0x01fff9    program     static D:\Final\PIC_Module\Miner\Miner_Main.c
               __config_2   0x01fffa    program     static D:\Final\PIC_Module\Miner\Miner_Main.c
               __config_3   0x01fffb    program     static D:\Final\PIC_Module\Miner\Miner_Main.c
               __config_4   0x01fffd    program     static D:\Final\PIC_Module\Miner\Miner_Main.c
                   __init   0x00cecc    program     extern D:\3.43\pic18-lt\cxx-framework\src\traditional\stdclib\__init.c
                   __pa_0   0x00c870    program     static D:\Final\PIC_Module\Microchip\TCPIP Stack\StackTsk.c
                   __pa_0   0x00b06e    program     static D:\Final\PIC_Module\Miner\Miner_Main.c
                   __pa_0   0x00cb8a    program     static D:\Final\PIC_Module\Microchip\TCPIP Stack\Tick.c
                   __pa_0   0x00bccc    program     static D:\Final\PIC_Module\Microchip\TCPIP Stack\IP.c
                   __pa_0   0x00c9a6    program     static D:\Final\PIC_Module\Microchip\TCPIP Stack\ICMP.c
                   __pa_0   0x0036c2    program     static D:\Final\PIC_Module\Microchip\TCPIP Stack\TCP.c
                   __pa_0   0x0084da    program     static D:\Final\PIC_Module\Microchip\TCPIP Stack\ETH97J60.c
                   __pa_0   0x00ccd8    program     static D:\Final\PIC_Module\Microchip\TCPIP Stack\UART.c
                   __pa_0   0x0076fe    program     static D:\Final\PIC_Module\Miner\MySha256.c
                   __pa_0   0x00a952    program     static D:\Final\PIC_Module\Microchip\TCPIP Stack\DNS.c
                   __pa_0   0x006a92    program     static D:\Final\PIC_Module\Miner\Miner_WEB.c
                   __pa_0   0x00b57a    program     static D:\Final\PIC_Module\Microchip\TCPIP Stack\ARP.c
                   __pa_0   0x005978    program     static D:\Final\PIC_Module\Miner\GetPutWork.c
                   __pa_0   0x00a2ba    program     static D:\Final\PIC_Module\Microchip\TCPIP Stack\Helpers.c
                   __pa_0   0x0098f0    program     static D:\Final\PIC_Module\Microchip\TCPIP Stack\UDP.c
                   __pa_1   0x00771e    program     static D:\Final\PIC_Module\Miner\MySha256.c
                   __pa_1   0x006a9c    program     static D:\Final\PIC_Module\Miner\Miner_WEB.c
                   __pa_1   0x00cba4    program     static D:\Final\PIC_Module\Microchip\TCPIP Stack\Tick.c
                   __pa_1   0x00b07e    program     static D:\Final\PIC_Module\Miner\Miner_Main.c
                   __pa_1   0x00a2dc    program     static D:\Final\PIC_Module\Microchip\TCPIP Stack\Helpers.c
                   __pa_1   0x009918    program     static D:\Final\PIC_Module\Microchip\TCPIP Stack\UDP.c
                   __pa_1   0x00a958    program     static D:\Final\PIC_Module\Microchip\TCPIP Stack\DNS.c
                   __pa_1   0x00c880    program     static D:\Final\PIC_Module\Microchip\TCPIP Stack\StackTsk.c
                   __pa_1   0x00bcee    program     static D:\Final\PIC_Module\Microchip\TCPIP Stack\IP.c
                   __pa_1   0x00c9b4    program     static D:\Final\PIC_Module\Microchip\TCPIP Stack\ICMP.c
                   __pa_1   0x00b588    program     static D:\Final\PIC_Module\Microchip\TCPIP Stack\ARP.c
                   __pa_1   0x0059d4    program     static D:\Final\PIC_Module\Miner\GetPutWork.c
                   __pa_1   0x0036ea    program     static D:\Final\PIC_Module\Microchip\TCPIP Stack\TCP.c
                   __pa_1   0x0084f2    program     static D:\Final\PIC_Module\Microchip\TCPIP Stack\ETH97J60.c
                   __pa_1   0x00cce2    program     static D:\Final\PIC_Module\Microchip\TCPIP Stack\UART.c
                  __pa_10   0x008578    program     static D:\Final\PIC_Module\Microchip\TCPIP Stack\ETH97J60.c
                  __pa_10   0x00b100    program     static D:\Final\PIC_Module\Miner\Miner_Main.c
                  __pa_10   0x00a364    program     static D:\Final\PIC_Module\Microchip\TCPIP Stack\Helpers.c
                  __pa_10   0x00a9ee    program     static D:\Final\PIC_Module\Microchip\TCPIP Stack\DNS.c
                  __pa_10   0x0077a8    program     static D:\Final\PIC_Module\Miner\MySha256.c
                  __pa_10   0x00998c    program     static D:\Final\PIC_Module\Microchip\TCPIP Stack\UDP.c
                  __pa_10   0x006b7a    program     static D:\Final\PIC_Module\Miner\Miner_WEB.c
                  __pa_10   0x005a7c    program     static D:\Final\PIC_Module\Miner\GetPutWork.c
                  __pa_10   0x003840    program     static D:\Final\PIC_Module\Microchip\TCPIP Stack\TCP.c
                 __pa_100   0x003e3e    program     static D:\Final\PIC_Module\Microchip\TCPIP Stack\TCP.c
                 __pa_101   0x003e4c    program     static D:\Final\PIC_Module\Microchip\TCPIP Stack\TCP.c
                 __pa_102   0x003e5a    program     static D:\Final\PIC_Module\Microchip\TCPIP Stack\TCP.c
                 __pa_103   0x003e68    program     static D:\Final\PIC_Module\Microchip\TCPIP Stack\TCP.c
                 __pa_104   0x003e76    program     static D:\Final\PIC_Module\Microchip\TCPIP Stack\TCP.c
                 __pa_105   0x003e84    program     static D:\Final\PIC_Module\Microchip\TCPIP Stack\TCP.c
                 __pa_106   0x003e92    program     static D:\Final\PIC_Module\Microchip\TCPIP Stack\TCP.c
                 __pa_107   0x003e9c    program     static D:\Final\PIC_Module\Microchip\TCPIP Stack\TCP.c
                 __pa_108   0x003ea6    program     static D:\Final\PIC_Module\Microchip\TCPIP Stack\TCP.c
                 __pa_109   0x003eb0    program     static D:\Final\PIC_Module\Microchip\TCPIP Stack\TCP.c
                  __pa_11   0x0077c8    program     static D:\Final\PIC_Module\Miner\MySha256.c
                  __pa_11   0x00b110    program     static D:\Final\PIC_Module\Miner\Miner_Main.c
                  __pa_11   0x00a372    program     static D:\Final\PIC_Module\Microchip\TCPIP Stack\Helpers.c
                  __pa_11   0x003848    program     static D:\Final\PIC_Module\Microchip\TCPIP Stack\TCP.c
                  __pa_11   0x0099a4    program     static D:\Final\PIC_Module\Microchip\TCPIP Stack\UDP.c
                  __pa_11   0x006b82    program     static D:\Final\PIC_Module\Miner\Miner_WEB.c
                  __pa_11   0x005a92    program     static D:\Final\PIC_Module\Miner\GetPutWork.c
                  __pa_11   0x00858a    program     static D:\Final\PIC_Module\Microchip\TCPIP Stack\ETH97J60.c
                  __pa_11   0x00a9f6    program     static D:\Final\PIC_Module\Microchip\TCPIP Stack\DNS.c
                 __pa_110   0x003eba    program     static D:\Final\PIC_Module\Microchip\TCPIP Stack\TCP.c
                 __pa_111   0x003ec4    program     static D:\Final\PIC_Module\Microchip\TCPIP Stack\TCP.c
                 __pa_112   0x003ece    program     static D:\Final\PIC_Module\Microchip\TCPIP Stack\TCP.c
                 __pa_113   0x003ee2    program     static D:\Final\PIC_Module\Microchip\TCPIP Stack\TCP.c
                 __pa_114   0x003ef6    program     static D:\Final\PIC_Module\Microchip\TCPIP Stack\TCP.c
                 __pa_115   0x003f08    program     static D:\Final\PIC_Module\Microchip\TCPIP Stack\TCP.c
                 __pa_116   0x003f1a    program     static D:\Final\PIC_Module\Microchip\TCPIP Stack\TCP.c
                 __pa_117   0x003f2c    program     static D:\Final\PIC_Module\Microchip\TCPIP Stack\TCP.c
                 __pa_118   0x003f3e    program     static D:\Final\PIC_Module\Microchip\TCPIP Stack\TCP.c
                 __pa_119   0x003f50    program     static D:\Final\PIC_Module\Microchip\TCPIP Stack\TCP.c
                  __pa_12   0x00aa0e    program     static D:\Final\PIC_Module\Microchip\TCPIP Stack\DNS.c
                  __pa_12   0x0099bc    program     static D:\Final\PIC_Module\Microchip\TCPIP Stack\UDP.c
                  __pa_12   0x00a384    program     static D:\Final\PIC_Module\Microchip\TCPIP Stack\Helpers.c
                  __pa_12   0x00b11e    program     static D:\Final\PIC_Module\Miner\Miner_Main.c
                  __pa_12   0x0077e8    program     static D:\Final\PIC_Module\Miner\MySha256.c
                  __pa_12   0x005aa4    program     static D:\Final\PIC_Module\Miner\GetPutWork.c
                  __pa_12   0x006b8c    program     static D:\Final\PIC_Module\Miner\Miner_WEB.c
                  __pa_12   0x008596    program     static D:\Final\PIC_Module\Microchip\TCPIP Stack\ETH97J60.c
                  __pa_12   0x003850    program     static D:\Final\PIC_Module\Microchip\TCPIP Stack\TCP.c
                 __pa_120   0x003f62    program     static D:\Final\PIC_Module\Microchip\TCPIP Stack\TCP.c
                 __pa_121   0x003f74    program     static D:\Final\PIC_Module\Microchip\TCPIP Stack\TCP.c
                 __pa_122   0x003f86    program     static D:\Final\PIC_Module\Microchip\TCPIP Stack\TCP.c
                 __pa_123   0x003f92    program     static D:\Final\PIC_Module\Microchip\TCPIP Stack\TCP.c
                 __pa_124   0x003f9e    program     static D:\Final\PIC_Module\Microchip\TCPIP Stack\TCP.c
                 __pa_125   0x003fa8    program     static D:\Final\PIC_Module\Microchip\TCPIP Stack\TCP.c
                 __pa_126   0x003fb2    program     static D:\Final\PIC_Module\Microchip\TCPIP Stack\TCP.c
                 __pa_127   0x003fbc    program     static D:\Final\PIC_Module\Microchip\TCPIP Stack\TCP.c
                 __pa_128   0x003fc2    program     static D:\Final\PIC_Module\Microchip\TCPIP Stack\TCP.c
                 __pa_129   0x003fd2    program     static D:\Final\PIC_Module\Microchip\TCPIP Stack\TCP.c
                  __pa_13   0x0085a2    program     static D:\Final\PIC_Module\Microchip\TCPIP Stack\ETH97J60.c
                  __pa_13   0x007808    program     static D:\Final\PIC_Module\Miner\MySha256.c
                  __pa_13   0x000b9c    program     static D:\Final\PIC_Module\Miner\Miner_Main.c
                  __pa_13   0x00aa1c    program     static D:\Final\PIC_Module\Microchip\TCPIP Stack\DNS.c
                  __pa_13   0x006ba8    program     static D:\Final\PIC_Module\Miner\Miner_WEB.c
                  __pa_13   0x0099c8    program     static D:\Final\PIC_Module\Microchip\TCPIP Stack\UDP.c
                  __pa_13   0x005ab2    program     static D:\Final\PIC_Module\Miner\GetPutWork.c
                  __pa_13   0x003856    program     static D:\Final\PIC_Module\Microchip\TCPIP Stack\TCP.c
                 __pa_130   0x003fe2    program     static D:\Final\PIC_Module\Microchip\TCPIP Stack\TCP.c
                 __pa_131   0x003ff2    program     static D:\Final\PIC_Module\Microchip\TCPIP Stack\TCP.c
                 __pa_132   0x004000    program     static D:\Final\PIC_Module\Microchip\TCPIP Stack\TCP.c
                 __pa_133   0x00400e    program     static D:\Final\PIC_Module\Microchip\TCPIP Stack\TCP.c
                 __pa_134   0x00401c    program     static D:\Final\PIC_Module\Microchip\TCPIP Stack\TCP.c
                 __pa_135   0x00402a    program     static D:\Final\PIC_Module\Microchip\TCPIP Stack\TCP.c
                 __pa_136   0x004032    program     static D:\Final\PIC_Module\Microchip\TCPIP Stack\TCP.c
                 __pa_137   0x004040    program     static D:\Final\PIC_Module\Microchip\TCPIP Stack\TCP.c
                 __pa_138   0x00404e    program     static D:\Final\PIC_Module\Microchip\TCPIP Stack\TCP.c
                 __pa_139   0x00405c    program     static D:\Final\PIC_Module\Microchip\TCPIP Stack\TCP.c
                  __pa_14   0x0085b0    program     static D:\Final\PIC_Module\Microchip\TCPIP Stack\ETH97J60.c
                  __pa_14   0x003860    program     static D:\Final\PIC_Module\Microchip\TCPIP Stack\TCP.c
                  __pa_14   0x005ace    program     static D:\Final\PIC_Module\Miner\GetPutWork.c
                  __pa_14   0x0099de    program     static D:\Final\PIC_Module\Microchip\TCPIP Stack\UDP.c
                  __pa_14   0x000bce    program     static D:\Final\PIC_Module\Miner\Miner_Main.c
                  __pa_14   0x007828    program     static D:\Final\PIC_Module\Miner\MySha256.c
                  __pa_14   0x006bbc    program     static D:\Final\PIC_Module\Miner\Miner_WEB.c
                  __pa_14   0x00aa30    program     static D:\Final\PIC_Module\Microchip\TCPIP Stack\DNS.c
                 __pa_140   0x00406a    program     static D:\Final\PIC_Module\Microchip\TCPIP Stack\TCP.c
                 __pa_141   0x004078    program     static D:\Final\PIC_Module\Microchip\TCPIP Stack\TCP.c
                 __pa_142   0x004086    program     static D:\Final\PIC_Module\Microchip\TCPIP Stack\TCP.c
                 __pa_143   0x00408e    program     static D:\Final\PIC_Module\Microchip\TCPIP Stack\TCP.c
                 __pa_144   0x00409c    program     static D:\Final\PIC_Module\Microchip\TCPIP Stack\TCP.c
                 __pa_145   0x0040aa    program     static D:\Final\PIC_Module\Microchip\TCPIP Stack\TCP.c
                 __pa_146   0x0040b8    program     static D:\Final\PIC_Module\Microchip\TCPIP Stack\TCP.c
                 __pa_147   0x0040c6    program     static D:\Final\PIC_Module\Microchip\TCPIP Stack\TCP.c
                 __pa_148   0x0040d4    program     static D:\Final\PIC_Module\Microchip\TCPIP Stack\TCP.c
                 __pa_149   0x0040e2    program     static D:\Final\PIC_Module\Microchip\TCPIP Stack\TCP.c
                  __pa_15   0x000bfc    program     static D:\Final\PIC_Module\Miner\Miner_Main.c
                  __pa_15   0x0085be    program     static D:\Final\PIC_Module\Microchip\TCPIP Stack\ETH97J60.c
                  __pa_15   0x003868    program     static D:\Final\PIC_Module\Microchip\TCPIP Stack\TCP.c
                  __pa_15   0x005ae6    program     static D:\Final\PIC_Module\Miner\GetPutWork.c
                  __pa_15   0x0099ea    program     static D:\Final\PIC_Module\Microchip\TCPIP Stack\UDP.c
                  __pa_15   0x006bc6    program     static D:\Final\PIC_Module\Miner\Miner_WEB.c
                  __pa_15   0x00aa42    program     static D:\Final\PIC_Module\Microchip\TCPIP Stack\DNS.c
                  __pa_15   0x007848    program     static D:\Final\PIC_Module\Miner\MySha256.c
                 __pa_150   0x0040f0    program     static D:\Final\PIC_Module\Microchip\TCPIP Stack\TCP.c
                 __pa_151   0x0040fa    program     static D:\Final\PIC_Module\Microchip\TCPIP Stack\TCP.c
                 __pa_152   0x004104    program     static D:\Final\PIC_Module\Microchip\TCPIP Stack\TCP.c
                 __pa_153   0x00410e    program     static D:\Final\PIC_Module\Microchip\TCPIP Stack\TCP.c
                 __pa_154   0x004118    program     static D:\Final\PIC_Module\Microchip\TCPIP Stack\TCP.c
                 __pa_155   0x004122    program     static D:\Final\PIC_Module\Microchip\TCPIP Stack\TCP.c
                 __pa_156   0x00412c    program     static D:\Final\PIC_Module\Microchip\TCPIP Stack\TCP.c
                 __pa_157   0x004136    program     static D:\Final\PIC_Module\Microchip\TCPIP Stack\TCP.c
                 __pa_158   0x00413e    program     static D:\Final\PIC_Module\Microchip\TCPIP Stack\TCP.c
                 __pa_159   0x004146    program     static D:\Final\PIC_Module\Microchip\TCPIP Stack\TCP.c
                  __pa_16   0x007868    program     static D:\Final\PIC_Module\Miner\MySha256.c
                  __pa_16   0x0099f4    program     static D:\Final\PIC_Module\Microchip\TCPIP Stack\UDP.c
                  __pa_16   0x005af4    program     static D:\Final\PIC_Module\Miner\GetPutWork.c
                  __pa_16   0x006bf4    program     static D:\Final\PIC_Module\Miner\Miner_WEB.c
                  __pa_16   0x003870    program     static D:\Final\PIC_Module\Microchip\TCPIP Stack\TCP.c
                  __pa_16   0x00aa4a    program     static D:\Final\PIC_Module\Microchip\TCPIP Stack\DNS.c
                  __pa_16   0x000c0a    program     static D:\Final\PIC_Module\Miner\Miner_Main.c
                  __pa_16   0x0085cc    program     static D:\Final\PIC_Module\Microchip\TCPIP Stack\ETH97J60.c
                 __pa_160   0x004150    program     static D:\Final\PIC_Module\Microchip\TCPIP Stack\TCP.c
                 __pa_161   0x00416c    program     static D:\Final\PIC_Module\Microchip\TCPIP Stack\TCP.c
                 __pa_162   0x00417c    program     static D:\Final\PIC_Module\Microchip\TCPIP Stack\TCP.c
                 __pa_163   0x00418c    program     static D:\Final\PIC_Module\Microchip\TCPIP Stack\TCP.c
                 __pa_164   0x00419a    program     static D:\Final\PIC_Module\Microchip\TCPIP Stack\TCP.c
                 __pa_165   0x0041a4    program     static D:\Final\PIC_Module\Microchip\TCPIP Stack\TCP.c
                 __pa_166   0x0041ce    program     static D:\Final\PIC_Module\Microchip\TCPIP Stack\TCP.c
                 __pa_167   0x0041e4    program     static D:\Final\PIC_Module\Microchip\TCPIP Stack\TCP.c
                 __pa_168   0x0041fa    program     static D:\Final\PIC_Module\Microchip\TCPIP Stack\TCP.c
                 __pa_169   0x004208    program     static D:\Final\PIC_Module\Microchip\TCPIP Stack\TCP.c
                  __pa_17   0x006c0e    program     static D:\Final\PIC_Module\Miner\Miner_WEB.c
                  __pa_17   0x0085da    program     static D:\Final\PIC_Module\Microchip\TCPIP Stack\ETH97J60.c
                  __pa_17   0x000c1e    program     static D:\Final\PIC_Module\Miner\Miner_Main.c
                  __pa_17   0x00387c    program     static D:\Final\PIC_Module\Microchip\TCPIP Stack\TCP.c
                  __pa_17   0x00aa54    program     static D:\Final\PIC_Module\Microchip\TCPIP Stack\DNS.c
                  __pa_17   0x005b06    program     static D:\Final\PIC_Module\Miner\GetPutWork.c
                  __pa_17   0x009a02    program     static D:\Final\PIC_Module\Microchip\TCPIP Stack\UDP.c
                  __pa_17   0x007888    program     static D:\Final\PIC_Module\Miner\MySha256.c
                 __pa_170   0x004210    program     static D:\Final\PIC_Module\Microchip\TCPIP Stack\TCP.c
                 __pa_171   0x00421c    program     static D:\Final\PIC_Module\Microchip\TCPIP Stack\TCP.c
                 __pa_172   0x004226    program     static D:\Final\PIC_Module\Microchip\TCPIP Stack\TCP.c
                 __pa_173   0x004232    program     static D:\Final\PIC_Module\Microchip\TCPIP Stack\TCP.c
                 __pa_174   0x00423a    program     static D:\Final\PIC_Module\Microchip\TCPIP Stack\TCP.c
                 __pa_175   0x004242    program     static D:\Final\PIC_Module\Microchip\TCPIP Stack\TCP.c
                 __pa_176   0x004258    program     static D:\Final\PIC_Module\Microchip\TCPIP Stack\TCP.c
                 __pa_177   0x004274    program     static D:\Final\PIC_Module\Microchip\TCPIP Stack\TCP.c
                 __pa_178   0x004290    program     static D:\Final\PIC_Module\Microchip\TCPIP Stack\TCP.c
                 __pa_179   0x0042a4    program     static D:\Final\PIC_Module\Microchip\TCPIP Stack\TCP.c
                  __pa_18   0x005b0e    program     static D:\Final\PIC_Module\Miner\GetPutWork.c
                  __pa_18   0x00aa5e    program     static D:\Final\PIC_Module\Microchip\TCPIP Stack\DNS.c
                  __pa_18   0x0078b0    program     static D:\Final\PIC_Module\Miner\MySha256.c
                  __pa_18   0x0085e2    program     static D:\Final\PIC_Module\Microchip\TCPIP Stack\ETH97J60.c
                  __pa_18   0x006c14    program     static D:\Final\PIC_Module\Miner\Miner_WEB.c
                  __pa_18   0x000c34    program     static D:\Final\PIC_Module\Miner\Miner_Main.c
                  __pa_18   0x009a14    program     static D:\Final\PIC_Module\Microchip\TCPIP Stack\UDP.c
                  __pa_18   0x003896    program     static D:\Final\PIC_Module\Microchip\TCPIP Stack\TCP.c
                 __pa_180   0x0042b2    program     static D:\Final\PIC_Module\Microchip\TCPIP Stack\TCP.c
                 __pa_181   0x0042bc    program     static D:\Final\PIC_Module\Microchip\TCPIP Stack\TCP.c
                 __pa_182   0x0042c2    program     static D:\Final\PIC_Module\Microchip\TCPIP Stack\TCP.c
                 __pa_183   0x0042cc    program     static D:\Final\PIC_Module\Microchip\TCPIP Stack\TCP.c
                 __pa_184   0x0042d6    program     static D:\Final\PIC_Module\Microchip\TCPIP Stack\TCP.c
                 __pa_185   0x0042f0    program     static D:\Final\PIC_Module\Microchip\TCPIP Stack\TCP.c
                 __pa_186   0x004306    program     static D:\Final\PIC_Module\Microchip\TCPIP Stack\TCP.c
                 __pa_187   0x00430e    program     static D:\Final\PIC_Module\Microchip\TCPIP Stack\TCP.c
                 __pa_188   0x004318    program     static D:\Final\PIC_Module\Microchip\TCPIP Stack\TCP.c
                 __pa_189   0x004324    program     static D:\Final\PIC_Module\Microchip\TCPIP Stack\TCP.c
                  __pa_19   0x005b28    program     static D:\Final\PIC_Module\Miner\GetPutWork.c
                  __pa_19   0x0038a2    program     static D:\Final\PIC_Module\Microchip\TCPIP Stack\TCP.c
                  __pa_19   0x009a26    program     static D:\Final\PIC_Module\Microchip\TCPIP Stack\UDP.c
                  __pa_19   0x0085ec    program     static D:\Final\PIC_Module\Microchip\TCPIP Stack\ETH97J60.c
                  __pa_19   0x0078c4    program     static D:\Final\PIC_Module\Miner\MySha256.c
                  __pa_19   0x000c4a    program     static D:\Final\PIC_Module\Miner\Miner_Main.c
                  __pa_19   0x006c1a    program     static D:\Final\PIC_Module\Miner\Miner_WEB.c
                  __pa_19   0x00aa6e    program     static D:\Final\PIC_Module\Microchip\TCPIP Stack\DNS.c
                 __pa_190   0x004338    program     static D:\Final\PIC_Module\Microchip\TCPIP Stack\TCP.c
                 __pa_191   0x00434c    program     static D:\Final\PIC_Module\Microchip\TCPIP Stack\TCP.c
                 __pa_192   0x004358    program     static D:\Final\PIC_Module\Microchip\TCPIP Stack\TCP.c
                 __pa_193   0x004364    program     static D:\Final\PIC_Module\Microchip\TCPIP Stack\TCP.c
                 __pa_194   0x004370    program     static D:\Final\PIC_Module\Microchip\TCPIP Stack\TCP.c
                 __pa_195   0x00437e    program     static D:\Final\PIC_Module\Microchip\TCPIP Stack\TCP.c
                 __pa_196   0x004388    program     static D:\Final\PIC_Module\Microchip\TCPIP Stack\TCP.c
                 __pa_197   0x004390    program     static D:\Final\PIC_Module\Microchip\TCPIP Stack\TCP.c
                 __pa_198   0x0043a2    program     static D:\Final\PIC_Module\Microchip\TCPIP Stack\TCP.c
                 __pa_199   0x0043b4    program     static D:\Final\PIC_Module\Microchip\TCPIP Stack\TCP.c
                   __pa_2   0x007726    program     static D:\Final\PIC_Module\Miner\MySha256.c
                   __pa_2   0x00a98a    program     static D:\Final\PIC_Module\Microchip\TCPIP Stack\DNS.c
                   __pa_2   0x00a2ee    program     static D:\Final\PIC_Module\Microchip\TCPIP Stack\Helpers.c
                   __pa_2   0x00b08e    program     static D:\Final\PIC_Module\Miner\Miner_Main.c
                   __pa_2   0x00c88c    program     static D:\Final\PIC_Module\Microchip\TCPIP Stack\StackTsk.c
                   __pa_2   0x006aa4    program     static D:\Final\PIC_Module\Miner\Miner_WEB.c
                   __pa_2   0x0084f6    program     static D:\Final\PIC_Module\Microchip\TCPIP Stack\ETH97J60.c
                   __pa_2   0x0036f8    program     static D:\Final\PIC_Module\Microchip\TCPIP Stack\TCP.c
                   __pa_2   0x00b59c    program     static D:\Final\PIC_Module\Microchip\TCPIP Stack\ARP.c
                   __pa_2   0x00c9c2    program     static D:\Final\PIC_Module\Microchip\TCPIP Stack\ICMP.c
                   __pa_2   0x00bcf4    program     static D:\Final\PIC_Module\Microchip\TCPIP Stack\IP.c
                   __pa_2   0x009920    program     static D:\Final\PIC_Module\Microchip\TCPIP Stack\UDP.c
                   __pa_2   0x0059da    program     static D:\Final\PIC_Module\Miner\GetPutWork.c
                  __pa_20   0x000c58    program     static D:\Final\PIC_Module\Miner\Miner_Main.c
                  __pa_20   0x0038b0    program     static D:\Final\PIC_Module\Microchip\TCPIP Stack\TCP.c
                  __pa_20   0x006c24    program     static D:\Final\PIC_Module\Miner\Miner_WEB.c
                  __pa_20   0x005b40    program     static D:\Final\PIC_Module\Miner\GetPutWork.c
                  __pa_20   0x009a32    program     static D:\Final\PIC_Module\Microchip\TCPIP Stack\UDP.c
                  __pa_20   0x0085f6    program     static D:\Final\PIC_Module\Microchip\TCPIP Stack\ETH97J60.c
                  __pa_20   0x00aa7a    program     static D:\Final\PIC_Module\Microchip\TCPIP Stack\DNS.c
                  __pa_20   0x0078d6    program     static D:\Final\PIC_Module\Miner\MySha256.c
                 __pa_200   0x0043c6    program     static D:\Final\PIC_Module\Microchip\TCPIP Stack\TCP.c
                 __pa_201   0x0043d4    program     static D:\Final\PIC_Module\Microchip\TCPIP Stack\TCP.c
                 __pa_202   0x0043e6    program     static D:\Final\PIC_Module\Microchip\TCPIP Stack\TCP.c
                 __pa_203   0x0043f4    program     static D:\Final\PIC_Module\Microchip\TCPIP Stack\TCP.c
                 __pa_204   0x004400    program     static D:\Final\PIC_Module\Microchip\TCPIP Stack\TCP.c
                 __pa_205   0x004410    program     static D:\Final\PIC_Module\Microchip\TCPIP Stack\TCP.c
                 __pa_206   0x004420    program     static D:\Final\PIC_Module\Microchip\TCPIP Stack\TCP.c
                 __pa_207   0x00442a    program     static D:\Final\PIC_Module\Microchip\TCPIP Stack\TCP.c
                 __pa_208   0x004434    program     static D:\Final\PIC_Module\Microchip\TCPIP Stack\TCP.c
                 __pa_209   0x00443c    program     static D:\Final\PIC_Module\Microchip\TCPIP Stack\TCP.c
                  __pa_21   0x008612    program     static D:\Final\PIC_Module\Microchip\TCPIP Stack\ETH97J60.c
                  __pa_21   0x009a3c    program     static D:\Final\PIC_Module\Microchip\TCPIP Stack\UDP.c
                  __pa_21   0x000c60    program     static D:\Final\PIC_Module\Miner\Miner_Main.c
                  __pa_21   0x0078dc    program     static D:\Final\PIC_Module\Miner\MySha256.c
                  __pa_21   0x00aa88    program     static D:\Final\PIC_Module\Microchip\TCPIP Stack\DNS.c
                  __pa_21   0x005b4c    program     static D:\Final\PIC_Module\Miner\GetPutWork.c
[...]
                     IPR1   0x000f9f       data     extern D:\3.43\pic18-lt\cxx-framework\src\traditional\proc\p18f67j60.asm
                     PIE2   0x000fa0       data     extern D:\3.43\pic18-lt\cxx-framework\src\traditional\proc\p18f67j60.asm
                 PIE2bits   0x000fa0       data     extern D:\3.43\pic18-lt\cxx-framework\src\traditional\proc\p18f67j60.asm
                 PIR2bits   0x000fa1       data     extern D:\3.43\pic18-lt\cxx-framework\src\traditional\proc\p18f67j60.asm
                     PIR2   0x000fa1       data     extern D:\3.43\pic18-lt\cxx-framework\src\traditional\proc\p18f67j60.asm
                 IPR2bits   0x000fa2       data     extern D:\3.43\pic18-lt\cxx-framework\src\traditional\proc\p18f67j60.asm
                     IPR2   0x000fa2       data     extern D:\3.43\pic18-lt\cxx-framework\src\traditional\proc\p18f67j60.asm
                     PIE3   0x000fa3       data     extern D:\3.43\pic18-lt\cxx-framework\src\traditional\proc\p18f67j60.asm
                 PIE3bits   0x000fa3       data     extern D:\3.43\pic18-lt\cxx-framework\src\traditional\proc\p18f67j60.asm
                 PIR3bits   0x000fa4       data     extern D:\3.43\pic18-lt\cxx-framework\src\traditional\proc\p18f67j60.asm
                     PIR3   0x000fa4       data     extern D:\3.43\pic18-lt\cxx-framework\src\traditional\proc\p18f67j60.asm
                     IPR3   0x000fa5       data     extern D:\3.43\pic18-lt\cxx-framework\src\traditional\proc\p18f67j60.asm
                 IPR3bits   0x000fa5       data     extern D:\3.43\pic18-lt\cxx-framework\src\traditional\proc\p18f67j60.asm
               EECON1bits   0x000fa6       data     extern D:\3.43\pic18-lt\cxx-framework\src\traditional\proc\p18f67j60.asm
                   EECON1   0x000fa6       data     extern D:\3.43\pic18-lt\cxx-framework\src\traditional\proc\p18f67j60.asm
                   EECON2   0x000fa7       data     extern D:\3.43\pic18-lt\cxx-framework\src\traditional\proc\p18f67j60.asm
                RCSTAbits   0x000fab       data     extern D:\3.43\pic18-lt\cxx-framework\src\traditional\proc\p18f67j60.asm
               RCSTA1bits   0x000fab       data     extern D:\3.43\pic18-lt\cxx-framework\src\traditional\proc\p18f67j60.asm
                   RCSTA1   0x000fab       data     extern D:\3.43\pic18-lt\cxx-framework\src\traditional\proc\p18f67j60.asm
                    RCSTA   0x000fab       data     extern D:\3.43\pic18-lt\cxx-framework\src\traditional\proc\p18f67j60.asm
                TXSTAbits   0x000fac       data     extern D:\3.43\pic18-lt\cxx-framework\src\traditional\proc\p18f67j60.asm
               TXSTA1bits   0x000fac       data     extern D:\3.43\pic18-lt\cxx-framework\src\traditional\proc\p18f67j60.asm
                   TXSTA1   0x000fac       data     extern D:\3.43\pic18-lt\cxx-framework\src\traditional\proc\p18f67j60.asm
                    TXSTA   0x000fac       data     extern D:\3.43\pic18-lt\cxx-framework\src\traditional\proc\p18f67j60.asm
                   TXREG1   0x000fad       data     extern D:\3.43\pic18-lt\cxx-framework\src\traditional\proc\p18f67j60.asm
                    TXREG   0x000fad       data     extern D:\3.43\pic18-lt\cxx-framework\src\traditional\proc\p18f67j60.asm
                   RCREG1   0x000fae       data     extern D:\3.43\pic18-lt\cxx-framework\src\traditional\proc\p18f67j60.asm
                    RCREG   0x000fae       data     extern D:\3.43\pic18-lt\cxx-framework\src\traditional\proc\p18f67j60.asm
                    SPBRG   0x000faf       data     extern D:\3.43\pic18-lt\cxx-framework\src\traditional\proc\p18f67j60.asm
                   SPBRG1   0x000faf       data     extern D:\3.43\pic18-lt\cxx-framework\src\traditional\proc\p18f67j60.asm
                T3CONbits   0x000fb1       data     extern D:\3.43\pic18-lt\cxx-framework\src\traditional\proc\p18f67j60.asm
                    T3CON   0x000fb1       data     extern D:\3.43\pic18-lt\cxx-framework\src\traditional\proc\p18f67j60.asm
                    TMR3L   0x000fb2       data     extern D:\3.43\pic18-lt\cxx-framework\src\traditional\proc\p18f67j60.asm
                    TMR3H   0x000fb3       data     extern D:\3.43\pic18-lt\cxx-framework\src\traditional\proc\p18f67j60.asm
                    CMCON   0x000fb4       data     extern D:\3.43\pic18-lt\cxx-framework\src\traditional\proc\p18f67j60.asm
                CMCONbits   0x000fb4       data     extern D:\3.43\pic18-lt\cxx-framework\src\traditional\proc\p18f67j60.asm
                   CVRCON   0x000fb5       data     extern D:\3.43\pic18-lt\cxx-framework\src\traditional\proc\p18f67j60.asm
               CVRCONbits   0x000fb5       data     extern D:\3.43\pic18-lt\cxx-framework\src\traditional\proc\p18f67j60.asm
                  ECCP1AS   0x000fb6       data     extern D:\3.43\pic18-lt\cxx-framework\src\traditional\proc\p18f67j60.asm
              ECCP1ASbits   0x000fb6       data     extern D:\3.43\pic18-lt\cxx-framework\src\traditional\proc\p18f67j60.asm
              CCP3CONbits   0x000fb7       data     extern D:\3.43\pic18-lt\cxx-framework\src\traditional\proc\p18f67j60.asm
                  CCP3CON   0x000fb7       data     extern D:\3.43\pic18-lt\cxx-framework\src\traditional\proc\p18f67j60.asm
                 ECCP3CON   0x000fb7       data     extern D:\3.43\pic18-lt\cxx-framework\src\traditional\proc\p18f67j60.asm
             ECCP3CONbits   0x000fb7       data     extern D:\3.43\pic18-lt\cxx-framework\src\traditional\proc\p18f67j60.asm
                    CCPR3   0x000fb8       data     extern D:\3.43\pic18-lt\cxx-framework\src\traditional\proc\p18f67j60.asm
                   CCPR3L   0x000fb8       data     extern D:\3.43\pic18-lt\cxx-framework\src\traditional\proc\p18f67j60.asm
                   CCPR3H   0x000fb9       data     extern D:\3.43\pic18-lt\cxx-framework\src\traditional\proc\p18f67j60.asm
             ECCP2CONbits   0x000fba       data     extern D:\3.43\pic18-lt\cxx-framework\src\traditional\proc\p18f67j60.asm
                 ECCP2CON   0x000fba       data     extern D:\3.43\pic18-lt\cxx-framework\src\traditional\proc\p18f67j60.asm
              CCP2CONbits   0x000fba       data     extern D:\3.43\pic18-lt\cxx-framework\src\traditional\proc\p18f67j60.asm
                  CCP2CON   0x000fba       data     extern D:\3.43\pic18-lt\cxx-framework\src\traditional\proc\p18f67j60.asm
                    CCPR2   0x000fbb       data     extern D:\3.43\pic18-lt\cxx-framework\src\traditional\proc\p18f67j60.asm
                   CCPR2L   0x000fbb       data     extern D:\3.43\pic18-lt\cxx-framework\src\traditional\proc\p18f67j60.asm
                   CCPR2H   0x000fbc       data     extern D:\3.43\pic18-lt\cxx-framework\src\traditional\proc\p18f67j60.asm
             ECCP1CONbits   0x000fbd       data     extern D:\3.43\pic18-lt\cxx-framework\src\traditional\proc\p18f67j60.asm
                 ECCP1CON   0x000fbd       data     extern D:\3.43\pic18-lt\cxx-framework\src\traditional\proc\p18f67j60.asm
                  CCP1CON   0x000fbd       data     extern D:\3.43\pic18-lt\cxx-framework\src\traditional\proc\p18f67j60.asm
              CCP1CONbits   0x000fbd       data     extern D:\3.43\pic18-lt\cxx-framework\src\traditional\proc\p18f67j60.asm
                   CCPR1L   0x000fbe       data     extern D:\3.43\pic18-lt\cxx-framework\src\traditional\proc\p18f67j60.asm
                    CCPR1   0x000fbe       data     extern D:\3.43\pic18-lt\cxx-framework\src\traditional\proc\p18f67j60.asm
                   CCPR1H   0x000fbf       data     extern D:\3.43\pic18-lt\cxx-framework\src\traditional\proc\p18f67j60.asm
                   ADCON2   0x000fc0       data     extern D:\3.43\pic18-lt\cxx-framework\src\traditional\proc\p18f67j60.asm
               ADCON2bits   0x000fc0       data     extern D:\3.43\pic18-lt\cxx-framework\src\traditional\proc\p18f67j60.asm
                   ADCON1   0x000fc1       data     extern D:\3.43\pic18-lt\cxx-framework\src\traditional\proc\p18f67j60.asm
               ADCON1bits   0x000fc1       data     extern D:\3.43\pic18-lt\cxx-framework\src\traditional\proc\p18f67j60.asm
               ADCON0bits   0x000fc2       data     extern D:\3.43\pic18-lt\cxx-framework\src\traditional\proc\p18f67j60.asm
                   ADCON0   0x000fc2       data     extern D:\3.43\pic18-lt\cxx-framework\src\traditional\proc\p18f67j60.asm
                   ADRESL   0x000fc3       data     extern D:\3.43\pic18-lt\cxx-framework\src\traditional\proc\p18f67j60.asm
                    ADRES   0x000fc3       data     extern D:\3.43\pic18-lt\cxx-framework\src\traditional\proc\p18f67j60.asm
                   ADRESH   0x000fc4       data     extern D:\3.43\pic18-lt\cxx-framework\src\traditional\proc\p18f67j60.asm
             SSP1CON2bits   0x000fc5       data     extern D:\3.43\pic18-lt\cxx-framework\src\traditional\proc\p18f67j60.asm
                 SSP1CON2   0x000fc5       data     extern D:\3.43\pic18-lt\cxx-framework\src\traditional\proc\p18f67j60.asm
                  SSPCON2   0x000fc5       data     extern D:\3.43\pic18-lt\cxx-framework\src\traditional\proc\p18f67j60.asm
              SSPCON2bits   0x000fc5       data     extern D:\3.43\pic18-lt\cxx-framework\src\traditional\proc\p18f67j60.asm
                  SSPCON1   0x000fc6       data     extern D:\3.43\pic18-lt\cxx-framework\src\traditional\proc\p18f67j60.asm
              SSPCON1bits   0x000fc6       data     extern D:\3.43\pic18-lt\cxx-framework\src\traditional\proc\p18f67j60.asm
             SSP1CON1bits   0x000fc6       data     extern D:\3.43\pic18-lt\cxx-framework\src\traditional\proc\p18f67j60.asm
                 SSP1CON1   0x000fc6       data     extern D:\3.43\pic18-lt\cxx-framework\src\traditional\proc\p18f67j60.asm
                 SSP1STAT   0x000fc7       data     extern D:\3.43\pic18-lt\cxx-framework\src\traditional\proc\p18f67j60.asm
             SSP1STATbits   0x000fc7       data     extern D:\3.43\pic18-lt\cxx-framework\src\traditional\proc\p18f67j60.asm
                  SSPSTAT   0x000fc7       data     extern D:\3.43\pic18-lt\cxx-framework\src\traditional\proc\p18f67j60.asm
              SSPSTATbits   0x000fc7       data     extern D:\3.43\pic18-lt\cxx-framework\src\traditional\proc\p18f67j60.asm
                   SSPADD   0x000fc8       data     extern D:\3.43\pic18-lt\cxx-framework\src\traditional\proc\p18f67j60.asm
                  SSP1ADD   0x000fc8       data     extern D:\3.43\pic18-lt\cxx-framework\src\traditional\proc\p18f67j60.asm
                   SSPBUF   0x000fc9       data     extern D:\3.43\pic18-lt\cxx-framework\src\traditional\proc\p18f67j60.asm
                  SSP1BUF   0x000fc9       data     extern D:\3.43\pic18-lt\cxx-framework\src\traditional\proc\p18f67j60.asm
                    T2CON   0x000fca       data     extern D:\3.43\pic18-lt\cxx-framework\src\traditional\proc\p18f67j60.asm
                T2CONbits   0x000fca       data     extern D:\3.43\pic18-lt\cxx-framework\src\traditional\proc\p18f67j60.asm
                      PR2   0x000fcb       data     extern D:\3.43\pic18-lt\cxx-framework\src\traditional\proc\p18f67j60.asm
                     TMR2   0x000fcc       data     extern D:\3.43\pic18-lt\cxx-framework\src\traditional\proc\p18f67j60.asm
                T1CONbits   0x000fcd       data     extern D:\3.43\pic18-lt\cxx-framework\src\traditional\proc\p18f67j60.asm
                    T1CON   0x000fcd       data     extern D:\3.43\pic18-lt\cxx-framework\src\traditional\proc\p18f67j60.asm
                    TMR1L   0x000fce       data     extern D:\3.43\pic18-lt\cxx-framework\src\traditional\proc\p18f67j60.asm
                    TMR1H   0x000fcf       data     extern D:\3.43\pic18-lt\cxx-framework\src\traditional\proc\p18f67j60.asm
                     RCON   0x000fd0       data     extern D:\3.43\pic18-lt\cxx-framework\src\traditional\proc\p18f67j60.asm
                 RCONbits   0x000fd0       data     extern D:\3.43\pic18-lt\cxx-framework\src\traditional\proc\p18f67j60.asm
                   WDTCON   0x000fd1       data     extern D:\3.43\pic18-lt\cxx-framework\src\traditional\proc\p18f67j60.asm
               WDTCONbits   0x000fd1       data     extern D:\3.43\pic18-lt\cxx-framework\src\traditional\proc\p18f67j60.asm
                    ECON1   0x000fd2       data     extern D:\3.43\pic18-lt\cxx-framework\src\traditional\proc\p18f67j60.asm
                ECON1bits   0x000fd2       data     extern D:\3.43\pic18-lt\cxx-framework\src\traditional\proc\p18f67j60.asm
                   OSCCON   0x000fd3       data     extern D:\3.43\pic18-lt\cxx-framework\src\traditional\proc\p18f67j60.asm
               OSCCONbits   0x000fd3       data     extern D:\3.43\pic18-lt\cxx-framework\src\traditional\proc\p18f67j60.asm
                    T0CON   0x000fd5       data     extern D:\3.43\pic18-lt\cxx-framework\src\traditional\proc\p18f67j60.asm
                T0CONbits   0x000fd5       data     extern D:\3.43\pic18-lt\cxx-framework\src\traditional\proc\p18f67j60.asm
                    TMR0L   0x000fd6       data     extern D:\3.43\pic18-lt\cxx-framework\src\traditional\proc\p18f67j60.asm
                    TMR0H   0x000fd7       data     extern D:\3.43\pic18-lt\cxx-framework\src\traditional\proc\p18f67j60.asm
               STATUSbits   0x000fd8       data     extern D:\3.43\pic18-lt\cxx-framework\src\traditional\proc\p18f67j60.asm
                   STATUS   0x000fd8       data     extern D:\3.43\pic18-lt\cxx-framework\src\traditional\proc\p18f67j60.asm
                    FSR2L   0x000fd9       data     extern D:\3.43\pic18-lt\cxx-framework\src\traditional\proc\p18f67j60.asm
                     FSR2   0x000fd9       data     extern D:\3.43\pic18-lt\cxx-framework\src\traditional\proc\p18f67j60.asm
                    FSR2H   0x000fda       data     extern D:\3.43\pic18-lt\cxx-framework\src\traditional\proc\p18f67j60.asm
                   PLUSW2   0x000fdb       data     extern D:\3.43\pic18-lt\cxx-framework\src\traditional\proc\p18f67j60.asm
                  PREINC2   0x000fdc       data     extern D:\3.43\pic18-lt\cxx-framework\src\traditional\proc\p18f67j60.asm
                 POSTDEC2   0x000fdd       data     extern D:\3.43\pic18-lt\cxx-framework\src\traditional\proc\p18f67j60.asm
                 POSTINC2   0x000fde       data     extern D:\3.43\pic18-lt\cxx-framework\src\traditional\proc\p18f67j60.asm
                    INDF2   0x000fdf       data     extern D:\3.43\pic18-lt\cxx-framework\src\traditional\proc\p18f67j60.asm
                      BSR   0x000fe0       data     extern D:\3.43\pic18-lt\cxx-framework\src\traditional\proc\p18f67j60.asm
                     FSR1   0x000fe1       data     extern D:\3.43\pic18-lt\cxx-framework\src\traditional\proc\p18f67j60.asm
                    FSR1L   0x000fe1       data     extern D:\3.43\pic18-lt\cxx-framework\src\traditional\proc\p18f67j60.asm
                    FSR1H   0x000fe2       data     extern D:\3.43\pic18-lt\cxx-framework\src\traditional\proc\p18f67j60.asm
                   PLUSW1   0x000fe3       data     extern D:\3.43\pic18-lt\cxx-framework\src\traditional\proc\p18f67j60.asm
                  PREINC1   0x000fe4       data     extern D:\3.43\pic18-lt\cxx-framework\src\traditional\proc\p18f67j60.asm
                 POSTDEC1   0x000fe5       data     extern D:\3.43\pic18-lt\cxx-framework\src\traditional\proc\p18f67j60.asm
                 POSTINC1   0x000fe6       data     extern D:\3.43\pic18-lt\cxx-framework\src\traditional\proc\p18f67j60.asm
                    INDF1   0x000fe7       data     extern D:\3.43\pic18-lt\cxx-framework\src\traditional\proc\p18f67j60.asm
                     WREG   0x000fe8       data     extern D:\3.43\pic18-lt\cxx-framework\src\traditional\proc\p18f67j60.asm
                     FSR0   0x000fe9       data     extern D:\3.43\pic18-lt\cxx-framework\src\traditional\proc\p18f67j60.asm
                    FSR0L   0x000fe9       data     extern D:\3.43\pic18-lt\cxx-framework\src\traditional\proc\p18f67j60.asm
                    FSR0H   0x000fea       data     extern D:\3.43\pic18-lt\cxx-framework\src\traditional\proc\p18f67j60.asm
                   PLUSW0   0x000feb       data     extern D:\3.43\pic18-lt\cxx-framework\src\traditional\proc\p18f67j60.asm
                  PREINC0   0x000fec       data     extern D:\3.43\pic18-lt\cxx-framework\src\traditional\proc\p18f67j60.asm
                 POSTDEC0   0x000fed       data     extern D:\3.43\pic18-lt\cxx-framework\src\traditional\proc\p18f67j60.asm
                 POSTINC0   0x000fee       data     extern D:\3.43\pic18-lt\cxx-framework\src\traditional\proc\p18f67j60.asm
                    INDF0   0x000fef       data     extern D:\3.43\pic18-lt\cxx-framework\src\traditional\proc\p18f67j60.asm
                  INTCON3   0x000ff0       data     extern D:\3.43\pic18-lt\cxx-framework\src\traditional\proc\p18f67j60.asm
              INTCON3bits   0x000ff0       data     extern D:\3.43\pic18-lt\cxx-framework\src\traditional\proc\p18f67j60.asm
                  INTCON2   0x000ff1       data     extern D:\3.43\pic18-lt\cxx-framework\src\traditional\proc\p18f67j60.asm
              INTCON2bits   0x000ff1       data     extern D:\3.43\pic18-lt\cxx-framework\src\traditional\proc\p18f67j60.asm
                   INTCON   0x000ff2       data     extern D:\3.43\pic18-lt\cxx-framework\src\traditional\proc\p18f67j60.asm
               INTCONbits   0x000ff2       data     extern D:\3.43\pic18-lt\cxx-framework\src\traditional\proc\p18f67j60.asm
                    PRODL   0x000ff3       data     extern D:\3.43\pic18-lt\cxx-framework\src\traditional\proc\p18f67j60.asm
                     PROD   0x000ff3       data     extern D:\3.43\pic18-lt\cxx-framework\src\traditional\proc\p18f67j60.asm
                    PRODH   0x000ff4       data     extern D:\3.43\pic18-lt\cxx-framework\src\traditional\proc\p18f67j60.asm
                   TABLAT   0x000ff5       data     extern D:\3.43\pic18-lt\cxx-framework\src\traditional\proc\p18f67j60.asm
                  TBLPTRL   0x000ff6       data     extern D:\3.43\pic18-lt\cxx-framework\src\traditional\proc\p18f67j60.asm
                   TBLPTR   0x000ff6       data     extern D:\3.43\pic18-lt\cxx-framework\src\traditional\proc\p18f67j60.asm
                  TBLPTRH   0x000ff7       data     extern D:\3.43\pic18-lt\cxx-framework\src\traditional\proc\p18f67j60.asm
                  TBLPTRU   0x000ff8       data     extern D:\3.43\pic18-lt\cxx-framework\src\traditional\proc\p18f67j60.asm
                      PCL   0x000ff9       data     extern D:\3.43\pic18-lt\cxx-framework\src\traditional\proc\p18f67j60.asm
                       PC   0x000ff9       data     extern D:\3.43\pic18-lt\cxx-framework\src\traditional\proc\p18f67j60.asm
                   PCLATH   0x000ffa       data     extern D:\3.43\pic18-lt\cxx-framework\src\traditional\proc\p18f67j60.asm
                   PCLATU   0x000ffb       data     extern D:\3.43\pic18-lt\cxx-framework\src\traditional\proc\p18f67j60.asm
                   STKPTR   0x000ffc       data     extern D:\3.43\pic18-lt\cxx-framework\src\traditional\proc\p18f67j60.asm
               STKPTRbits   0x000ffc       data     extern D:\3.43\pic18-lt\cxx-framework\src\traditional\proc\p18f67j60.asm
                      TOS   0x000ffd       data     extern D:\3.43\pic18-lt\cxx-framework\src\traditional\proc\p18f67j60.asm
                     TOSL   0x000ffd       data     extern D:\3.43\pic18-lt\cxx-framework\src\traditional\proc\p18f67j60.asm
                     TOSH   0x000ffe       data     extern D:\3.43\pic18-lt\cxx-framework\src\traditional\proc\p18f67j60.asm
                     TOSU   0x000fff       data     extern D:\3.43\pic18-lt\cxx-framework\src\traditional\proc\p18f67j60.asm


